 save_gar_version 
------------------
               81
(1 row)

CALL
CALL
CALL
 set_gar_dt_create 
-------------------
                81
(1 row)

CALL
gar_fias.as_apartment_type: 13
gar_fias.as_addr_obj_type: 421
gar_fias.as_room_type: 3
gar_fias.as_operation_type: 27
gar_fias.as_param_type: 20
gar_fias.as_house_type: 14
gar_fias.as_add_house_type: 4
gar_fias.as_object_level: 17
gar_fias.as_norm_docs_types: 25
gar_fias.as_norm_docs_kinds: 4
gar_fias.as_reestr_objects: 2159596
gar_fias.as_addr_obj: 55067
gar_fias.as_houses: 1818234
gar_fias.as_steads: 336512
gar_fias.as_apartments: 984961
gar_fias.as_rooms: 52439
gar_fias.as_carplaces: 6
gar_fias.as_adm_hierarchy: 2425399
gar_fias.as_mun_hierarchy: 3080302
gar_fias.as_change_history: 7628725
gar_fias.as_addr_obj_division: 137
gar_fias.as_addr_obj_params: 665488
gar_fias.as_steads_params: 3369203
gar_fias.as_houses_params: 9876040
gar_fias.as_apartments_params: 1851176
gar_fias.as_rooms_params: 52181
gar_fias.as_carplaces_params: 6
gar_fias.as_normative_docs: 311201
