 save_gar_version 
------------------
               73
(1 row)

CALL
CALL
 set_gar_dt_create 
-------------------
                73
(1 row)

CALL
gar_fias.as_apartment_type: 13
gar_fias.as_addr_obj_type: 421
gar_fias.as_room_type: 3
gar_fias.as_operation_type: 27
gar_fias.as_param_type: 20
gar_fias.as_house_type: 14
gar_fias.as_add_house_type: 4
gar_fias.as_object_level: 17
gar_fias.as_norm_docs_types: 25
gar_fias.as_norm_docs_kinds: 4
gar_fias.as_reestr_objects: 744725
gar_fias.as_addr_obj: 27670
gar_fias.as_houses: 665054
gar_fias.as_steads: 258363
gar_fias.as_apartments: 222581
gar_fias.as_rooms: 601
gar_fias.as_carplaces: 646
gar_fias.as_adm_hierarchy: 809351
gar_fias.as_mun_hierarchy: 794190
gar_fias.as_change_history: 2620890
gar_fias.as_addr_obj_division: 214
gar_fias.as_addr_obj_params: 326128
gar_fias.as_steads_params: 3296039
gar_fias.as_houses_params: 3839582
gar_fias.as_apartments_params: 590864
gar_fias.as_rooms_params: 693
gar_fias.as_carplaces_params: 645
gar_fias.as_normative_docs: 192138
