 save_gar_version 
------------------
               70
(1 row)

CALL
CALL
 set_gar_dt_create 
-------------------
                70
(1 row)

CALL
gar_fias.as_apartment_type: 13
gar_fias.as_addr_obj_type: 421
gar_fias.as_room_type: 3
gar_fias.as_operation_type: 27
gar_fias.as_param_type: 20
gar_fias.as_house_type: 14
gar_fias.as_add_house_type: 4
gar_fias.as_object_level: 17
gar_fias.as_norm_docs_types: 25
gar_fias.as_norm_docs_kinds: 4
gar_fias.as_reestr_objects: 404424
gar_fias.as_addr_obj: 12107
gar_fias.as_houses: 191050
gar_fias.as_steads: 15261
gar_fias.as_apartments: 286658
gar_fias.as_rooms: 2930
gar_fias.as_carplaces: 685
gar_fias.as_adm_hierarchy: 429245
gar_fias.as_mun_hierarchy: 443678
gar_fias.as_change_history: 968985
gar_fias.as_addr_obj_division: 65
gar_fias.as_addr_obj_params: 139088
gar_fias.as_steads_params: 185832
gar_fias.as_houses_params: 1410048
gar_fias.as_apartments_params: 657689
gar_fias.as_rooms_params: 3949
gar_fias.as_carplaces_params: 13
gar_fias.as_normative_docs: 65188
