 save_gar_version 
------------------
               81
(1 row)

CALL
CALL
CALL
 set_gar_dt_create 
-------------------
                81
(1 row)

CALL
gar_fias.as_apartment_type: 13
gar_fias.as_addr_obj_type: 421
gar_fias.as_room_type: 3
gar_fias.as_operation_type: 27
gar_fias.as_param_type: 20
gar_fias.as_house_type: 14
gar_fias.as_add_house_type: 4
gar_fias.as_object_level: 17
gar_fias.as_norm_docs_types: 25
gar_fias.as_norm_docs_kinds: 4
gar_fias.as_reestr_objects: 792669
gar_fias.as_addr_obj: 17519
gar_fias.as_houses: 753049
gar_fias.as_steads: 91342
gar_fias.as_apartments: 332779
gar_fias.as_rooms: 6373
gar_fias.as_carplaces: 535
gar_fias.as_adm_hierarchy: 1061701
gar_fias.as_mun_hierarchy: 854005
gar_fias.as_change_history: 2624431
gar_fias.as_addr_obj_division: 16
gar_fias.as_addr_obj_params: 223728
gar_fias.as_steads_params: 1212381
gar_fias.as_houses_params: 4523519
gar_fias.as_apartments_params: 623244
gar_fias.as_rooms_params: 6526
gar_fias.as_carplaces_params: 72
gar_fias.as_normative_docs: 77085
