CREATE VIEW
DROP FUNCTION
DROP FUNCTION
DROP FUNCTION
DROP PROCEDURE
DROP PROCEDURE
DROP PROCEDURE
DROP PROCEDURE
DROP FUNCTION
DROP VIEW
CREATE VIEW
COMMENT
COMMENT
COMMENT
COMMENT
COMMENT
COMMENT
COMMENT
COMMENT
DROP FUNCTION
CREATE FUNCTION
ALTER FUNCTION
COMMENT
CREATE FUNCTION
COMMENT
DROP PROCEDURE
CREATE PROCEDURE
COMMENT
DROP PROCEDURE
CREATE PROCEDURE
COMMENT
DROP PROCEDURE
CREATE PROCEDURE
COMMENT
DROP PROCEDURE
CREATE PROCEDURE
COMMENT
DROP PROCEDURE
CREATE PROCEDURE
COMMENT
DROP PROCEDURE
CREATE PROCEDURE
COMMENT
DROP PROCEDURE
CREATE PROCEDURE
COMMENT
DROP PROCEDURE
CREATE PROCEDURE
COMMENT
DROP PROCEDURE
CREATE PROCEDURE
COMMENT
DROP FUNCTION
DROP FUNCTION
CREATE FUNCTION
ALTER FUNCTION
COMMENT
DROP FUNCTION
DROP FUNCTION
CREATE FUNCTION
ALTER FUNCTION
COMMENT
DROP FUNCTION
DROP FUNCTION
CREATE FUNCTION
ALTER FUNCTION
COMMENT
DROP FUNCTION
DROP FUNCTION
CREATE FUNCTION
ALTER FUNCTION
COMMENT
DROP FUNCTION
DROP FUNCTION
CREATE FUNCTION
ALTER FUNCTION
COMMENT
DROP FUNCTION
DROP FUNCTION
CREATE FUNCTION
ALTER FUNCTION
COMMENT
DROP FUNCTION
CREATE FUNCTION
ALTER FUNCTION
COMMENT
DROP FUNCTION
DROP FUNCTION
DROP FUNCTION
CREATE FUNCTION
ALTER FUNCTION
COMMENT
DROP FUNCTION
CREATE FUNCTION
COMMENT
DROP FUNCTION
CREATE FUNCTION
COMMENT
DROP FUNCTION
CREATE FUNCTION
COMMENT
DROP FUNCTION
CREATE FUNCTION
ALTER FUNCTION
COMMENT
DROP FUNCTION
CREATE FUNCTION
ALTER FUNCTION
COMMENT
DROP FUNCTION
CREATE FUNCTION
ALTER FUNCTION
COMMENT
DROP FUNCTION
CREATE FUNCTION
ALTER FUNCTION
COMMENT
DROP FUNCTION
CREATE FUNCTION
ALTER FUNCTION
COMMENT
DROP FUNCTION
CREATE FUNCTION
ALTER FUNCTION
COMMENT
DROP FUNCTION
CREATE FUNCTION
COMMENT
DROP FUNCTION
CREATE FUNCTION
COMMENT
DROP FUNCTION
CREATE FUNCTION
COMMENT
DROP FUNCTION
CREATE FUNCTION
COMMENT
DROP FUNCTION
CREATE FUNCTION
COMMENT
DROP FUNCTION
CREATE FUNCTION
COMMENT
DROP FUNCTION
CREATE FUNCTION
COMMENT
DROP FUNCTION
CREATE FUNCTION
COMMENT
DROP FUNCTION
DROP FUNCTION
CREATE FUNCTION
COMMENT
DROP FUNCTION
CREATE FUNCTION
COMMENT
DROP FUNCTION
CREATE FUNCTION
COMMENT
DROP FUNCTION
CREATE FUNCTION
COMMENT
DROP PROCEDURE
CREATE PROCEDURE
ALTER PROCEDURE
COMMENT
DROP PROCEDURE
CREATE PROCEDURE
ALTER PROCEDURE
COMMENT
DROP PROCEDURE
CREATE PROCEDURE
ALTER PROCEDURE
COMMENT
DROP FUNCTION
CREATE FUNCTION
COMMENT
DROP FUNCTION
CREATE FUNCTION
COMMENT
DROP FUNCTION
CREATE FUNCTION
COMMENT
DROP FUNCTION
CREATE FUNCTION
COMMENT
DROP FUNCTION
CREATE FUNCTION
COMMENT
DROP FUNCTION
CREATE FUNCTION
COMMENT
DROP PROCEDURE
DROP PROCEDURE
CREATE PROCEDURE
COMMENT
DROP FUNCTION
CREATE FUNCTION
COMMENT
DROP FUNCTION
CREATE FUNCTION
COMMENT
DROP FUNCTION
CREATE FUNCTION
COMMENT
DROP FUNCTION
CREATE FUNCTION
COMMENT
DROP PROCEDURE
CREATE PROCEDURE
COMMENT
DROP PROCEDURE
CREATE PROCEDURE
COMMENT
DROP PROCEDURE
CREATE PROCEDURE
COMMENT
DROP PROCEDURE
CREATE PROCEDURE
COMMENT
DROP PROCEDURE
CREATE PROCEDURE
COMMENT
DROP FUNCTION
CREATE FUNCTION
COMMENT
DROP PROCEDURE
CREATE PROCEDURE
COMMENT
DROP PROCEDURE
CREATE PROCEDURE
COMMENT
DROP PROCEDURE
CREATE PROCEDURE
COMMENT
DROP PROCEDURE
CREATE PROCEDURE
COMMENT
DROP PROCEDURE
CREATE PROCEDURE
COMMENT
DROP PROCEDURE
DROP PROCEDURE
CREATE PROCEDURE
COMMENT
DROP PROCEDURE
DROP PROCEDURE
CREATE PROCEDURE
COMMENT
DROP PROCEDURE
DROP PROCEDURE
CREATE PROCEDURE
COMMENT
DROP PROCEDURE
DROP PROCEDURE
DROP PROCEDURE
CREATE PROCEDURE
COMMENT
DROP PROCEDURE
CREATE PROCEDURE
COMMENT
DROP FUNCTION
CREATE FUNCTION
COMMENT
DROP FUNCTION
CREATE FUNCTION
COMMENT
DROP FUNCTION
CREATE FUNCTION
COMMENT
DROP FUNCTION
CREATE FUNCTION
COMMENT
DROP FUNCTION
CREATE FUNCTION
COMMENT
DROP FUNCTION
CREATE FUNCTION
COMMENT
DROP FUNCTION
CREATE FUNCTION
ALTER FUNCTION
COMMENT
DROP FUNCTION
CREATE FUNCTION
ALTER FUNCTION
COMMENT
DROP FUNCTION
CREATE FUNCTION
ALTER FUNCTION
COMMENT
DROP FUNCTION
CREATE FUNCTION
ALTER FUNCTION
COMMENT
