 save_gar_version 
------------------
               71
(1 row)

CALL
CALL
 set_gar_dt_create 
-------------------
                71
(1 row)

CALL
gar_fias.as_apartment_type: 13
gar_fias.as_addr_obj_type: 421
gar_fias.as_room_type: 3
gar_fias.as_operation_type: 27
gar_fias.as_param_type: 20
gar_fias.as_house_type: 14
gar_fias.as_add_house_type: 4
gar_fias.as_object_level: 17
gar_fias.as_norm_docs_types: 25
gar_fias.as_norm_docs_kinds: 4
gar_fias.as_reestr_objects: 1071376
gar_fias.as_addr_obj: 35992
gar_fias.as_houses: 1217133
gar_fias.as_steads: 306605
gar_fias.as_apartments: 65273
gar_fias.as_rooms: 33
gar_fias.as_carplaces: 0
gar_fias.as_adm_hierarchy: 1082147
gar_fias.as_mun_hierarchy: 1212604
gar_fias.as_change_history: 3605974
gar_fias.as_addr_obj_division: 76
gar_fias.as_addr_obj_params: 354104
gar_fias.as_steads_params: 3036715
gar_fias.as_houses_params: 7955649
gar_fias.as_apartments_params: 172332
gar_fias.as_rooms_params: 31
gar_fias.as_carplaces_params: 0
gar_fias.as_normative_docs: 171283
