 save_gar_version 
------------------
               79
(1 строка)

CALL
CALL
CALL
 set_gar_dt_create 
-------------------
                79
(1 строка)

CALL
 id_area | id_country | nm_area  | nm_area_full  | id_area_type | id_area_parent | kd_timezone | pr_detailed | kd_oktmo |             nm_fias_guid             | dt_data_del | id_data_etalon |  kd_okato   | nm_zipcode |  kd_kladr   | vl_addr_latitude | vl_addr_longitude 
---------+------------+----------+---------------+--------------+----------------+-------------+-------------+----------+--------------------------------------+-------------+----------------+-------------+------------+-------------+------------------+-------------------
       6 |        185 | Дагестан | Дагестан Респ |           41 |                |           2 |           0 | 82000000 | 0bb7fa19-736d-49cf-ad0e-9774c4dae09b |             |                | 82000000000 | 368000     | 05000000000 |                  |                  
(1 строка)

CALL
CALL
CALL
 f_addr_area_set_data 
----------------------
                   23
(1 строка)

            fias_guid_new             |            fias_guid_old             | nm_addr_obj  | addr_obj_type_id | chld_qty_tot | obj_level 
--------------------------------------+--------------------------------------+--------------+------------------+--------------+-----------
 21ab76d1-fab6-4b4f-a4dc-4871a93b7aab | d2f48256-c10a-4806-b281-9b5b85d56616 | АЗОВСКАЯ     |              204 |            2 |         8
 8b87e6c4-617a-4d32-9414-fada8d0d3e8b | bb301a7c-c4f5-4c00-a564-b4854377bfbb | БУДЕННОВСКАЯ |              204 |           15 |         8
 8b87e6c4-617a-4d32-9414-fada8d0d3e8b | ddf6a4e7-5207-42fd-8af3-89c905d0f368 | БУДЕННОВСКАЯ |              204 |            0 |         8
 29efff6b-23d5-48e4-9c02-cadc513ea35e | 80513d5c-ebf2-4f4f-a9ec-2c3356329c09 | ВТОРАЯ       |              204 |            6 |         8
 aece773e-5c5a-4dbe-8455-aa542f548704 | 6a5b8826-dc74-4694-bbba-776daa464be1 | ЛОКОМОТИВ    |               79 |           19 |         6
 c3cc37d3-b48d-4e6c-a160-082b8b3f0e29 | 629a5247-b5e9-4abe-b420-ea7373a15cdc | НЕФТЕКАЧКА   |               79 |            0 |         6
 0b89184c-17b8-4d17-87e9-063329bc2e5b | fe6f98aa-5009-434b-ac1d-2b25a6447d0b | ПИНХАСКАЛА   |              199 |           15 |         8
 ec6c88c3-053b-46cf-ac3b-3e5fecad8b2a | a669b619-6016-48be-8564-e05ccac82a4a | САДОВАЯ      |              204 |            0 |         8
 8b8064d2-0262-4842-beca-0dc01360bd05 | 0f617717-1040-4742-bfb2-0eaaa040d4fa | САДОВОД      |               79 |           13 |         6
 450279b7-39ac-4e99-a505-10dd7b675d3d | 0e4ebdbe-e302-4237-94db-0c168f22b5db | УРОЖАЙ       |               79 |           15 |         6
 bd784bc1-152d-4896-bf9b-98701702f3ce | 6e876e17-68a5-4d63-b078-1dc2202c7173 | ЦЕНТРАЛЬНАЯ  |              204 |           30 |         8
 59e94457-ed1a-49cf-b83c-868514f98244 | 8418d308-bf4a-4d5f-a7a4-5d46032692c5 | ШИДИБ        |              103 |            1 |         6
(12 строк)

 id_addr_obj | id_addr_parent |              fias_guid               |           parent_fias_guid           |     nm_addr_obj      | addr_obj_type_id | addr_obj_type | obj_level |          level_name          | region_code | area_code | city_code | place_code | plan_code | street_code | change_id | prev_id | oper_type_id | oper_type_name | start_date |  end_date  | id_lead |          tree_d           | level_d 
-------------+----------------+--------------------------------------+--------------------------------------+----------------------+------------------+---------------+-----------+------------------------------+-------------+-----------+-----------+------------+-----------+-------------+-----------+---------+--------------+----------------+------------+------------+---------+---------------------------+---------
       79107 |          84454 | d63feac3-6ae3-4d45-934c-f6b6516e20f2 | 450279b7-39ac-4e99-a505-10dd7b675d3d | Ахульго              |              204 | ул            |         8 | Элемент улично-дорожной сети | 5           | 0         | 1         | 0          | 3768      | 3769        |    224297 |       0 |           10 | Добавление     | 2016-10-19 | 2079-06-06 |   80724 | {78545,78727,84454,79107} |       4
       80724 |          84454 | 5b8bba72-59a1-4e73-b917-848e7dd36c32 | 450279b7-39ac-4e99-a505-10dd7b675d3d | Ахульго              |              204 | ул            |         8 | Элемент улично-дорожной сети | 5           | 0         | 1         | 33         | 0         | 2           |    228567 |       0 |           10 | Добавление     | 2013-05-31 | 2079-06-06 |   80724 | {78545,78727,84454,80724} |       4
       80758 |          84454 | fffd8162-a968-4f92-9a49-d691a8424848 | 450279b7-39ac-4e99-a505-10dd7b675d3d | Колосная             |              204 | ул            |         8 | Элемент улично-дорожной сети | 5           | 0         | 1         | 33         | 0         | 3           |    228649 |       0 |           10 | Добавление     | 2013-05-31 | 2079-06-06 |   80758 | {78545,78727,84454,80758} |       4
       79446 |          84454 | f81097f2-089a-4f04-9ec0-0f4a7682aa2b | 450279b7-39ac-4e99-a505-10dd7b675d3d | Колосная             |              204 | ул            |         8 | Элемент улично-дорожной сети | 5           | 0         | 1         | 0          | 3768      | 3774        |    225132 |       0 |           10 | Добавление     | 2016-10-19 | 2079-06-06 |   80758 | {78545,78727,84454,79446} |       4
       79527 |          84454 | c6cb27a2-32ab-4165-be89-bf03cdc9d461 | 450279b7-39ac-4e99-a505-10dd7b675d3d | Пшеничная            |              204 | ул            |         8 | Элемент улично-дорожной сети | 5           | 0         | 1         | 0          | 3768      | 3775        |    225349 |       0 |           10 | Добавление     | 2016-10-19 | 2079-06-06 |   80792 | {78545,78727,84454,79527} |       4
       80792 |          84454 | 354baa65-215d-4df5-aec0-1b6dbfada0c9 | 450279b7-39ac-4e99-a505-10dd7b675d3d | Пшеничная            |              204 | ул            |         8 | Элемент улично-дорожной сети | 5           | 0         | 1         | 33         | 0         | 4           |    228731 |       0 |           10 | Добавление     | 2013-05-31 | 2079-06-06 |   80792 | {78545,78727,84454,80792} |       4
       81169 |          84454 | 89e7b4b0-aa0c-4977-b631-79709c13a773 | 450279b7-39ac-4e99-a505-10dd7b675d3d | Шиназская            |              204 | ул            |         8 | Элемент улично-дорожной сети | 5           | 0         | 1         | 33         | 0         | 14          |    229595 |       0 |           10 | Добавление     | 2013-05-31 | 2079-06-06 |   81169 | {78545,78727,84454,81169} |       4
       79745 |          84454 | 9e1bf45e-3edc-4766-ab42-daa5e908e55b | 450279b7-39ac-4e99-a505-10dd7b675d3d | Шиназская            |              204 | ул            |         8 | Элемент улично-дорожной сети | 5           | 0         | 1         | 0          | 3768      | 3778        |    226000 |       0 |           10 | Добавление     | 2016-10-19 | 2079-06-06 |   81169 | {78545,78727,84454,79745} |       4
       82346 |          84564 | 4399ca45-009d-41c2-b968-0f0065cd793c | 8b8064d2-0262-4842-beca-0dc01360bd05 | Алисултанова         |              204 | ул            |         8 | Элемент улично-дорожной сети | 5           | 0         | 1         | 0          | 3993      | 4724        |    232456 |       0 |           10 | Добавление     | 2019-09-25 | 2079-06-06 |   82694 | {78545,78727,84564,82346} |       4
       82694 |          84564 | 0da140b2-b46d-4ef1-9174-574377b1e86b | 8b8064d2-0262-4842-beca-0dc01360bd05 | Алисултанова         |              204 | ул            |         8 | Элемент улично-дорожной сети | 5           | 0         | 1         | 32         | 0         | 13          |    233270 |       0 |           10 | Добавление     | 2019-10-29 | 2079-06-06 |   82694 | {78545,78727,84564,82694} |       4
       79353 |          84564 | 75149768-0ba3-4f81-8e3f-46a227a41154 | 8b8064d2-0262-4842-beca-0dc01360bd05 | Ахульго              |              204 | ул            |         8 | Элемент улично-дорожной сети | 5           | 0         | 1         | 0          | 3993      | 3994        |    224864 |       0 |           10 | Добавление     | 2016-10-19 | 2079-06-06 |   81368 | {78545,78727,84564,79353} |       4
       81368 |          84564 | 0dde2371-ae78-441c-a78f-46a510a484ca | 8b8064d2-0262-4842-beca-0dc01360bd05 | Ахульго              |              204 | ул            |         8 | Элемент улично-дорожной сети | 5           | 0         | 1         | 32         | 0         | 1           |    230086 |       0 |           10 | Добавление     | 2013-05-31 | 2079-06-06 |   81368 | {78545,78727,84564,81368} |       4
       81431 |          84564 | e31d0897-8a46-48d3-a213-7ae993c50de9 | 8b8064d2-0262-4842-beca-0dc01360bd05 | Благородная          |              204 | ул            |         8 | Элемент улично-дорожной сети | 5           | 0         | 1         | 32         | 0         | 2           |    230228 |       0 |           10 | Добавление     | 2013-07-24 | 2079-06-06 |   81431 | {78545,78727,84564,81431} |       4
       79405 |          84564 | 5cd754b0-2358-4afb-94da-136a378c0f0b | 8b8064d2-0262-4842-beca-0dc01360bd05 | Благородная          |              204 | ул            |         8 | Элемент улично-дорожной сети | 5           | 0         | 1         | 0          | 3993      | 3995        |    225010 |       0 |           10 | Добавление     | 2016-10-19 | 2079-06-06 |   81431 | {78545,78727,84564,79405} |       4
       81458 |          84564 | 7248f5e2-99b1-47e2-a5e4-190ea89df774 | 8b8064d2-0262-4842-beca-0dc01360bd05 | Ломаная              |              204 | ул            |         8 | Элемент улично-дорожной сети | 5           | 0         | 1         | 32         | 0         | 3           |    230344 |       0 |           10 | Добавление     | 2013-04-09 | 2079-06-06 |   81458 | {78545,78727,84564,81458} |       4
       79493 |          84564 | e02001a5-132f-43da-a8f5-99a4464a9713 | 8b8064d2-0262-4842-beca-0dc01360bd05 | Ломаная              |              204 | ул            |         8 | Элемент улично-дорожной сети | 5           | 0         | 1         | 0          | 3993      | 3996        |    225256 |       0 |           10 | Добавление     | 2016-10-19 | 2079-06-06 |   81458 | {78545,78727,84564,79493} |       4
       79541 |          84564 | ba5e3530-83f7-4896-b828-048f6342263a | 8b8064d2-0262-4842-beca-0dc01360bd05 | Межрайонная          |              204 | ул            |         8 | Элемент улично-дорожной сети | 5           | 0         | 1         | 0          | 3993      | 3997        |    225401 |       0 |           10 | Добавление     | 2016-10-19 | 2079-06-06 |   81502 | {78545,78727,84564,79541} |       4
       81502 |          84564 | e8031e05-0550-4045-a587-cd5d9d41478d | 8b8064d2-0262-4842-beca-0dc01360bd05 | Межрайонная          |              204 | ул            |         8 | Элемент улично-дорожной сети | 5           | 0         | 1         | 32         | 0         | 4           |    230414 |       0 |           10 | Добавление     | 2013-07-24 | 2079-06-06 |   81502 | {78545,78727,84564,81502} |       4
       81531 |          84564 | bd7e3cec-c71c-4b96-8b67-7eec2651a8b8 | 8b8064d2-0262-4842-beca-0dc01360bd05 | Мира                 |              204 | ул            |         8 | Элемент улично-дорожной сети | 5           | 0         | 1         | 32         | 0         | 5           |    230484 |       0 |           10 | Добавление     | 2013-07-24 | 2079-06-06 |   81531 | {78545,78727,84564,81531} |       4
       79628 |          84564 | 8fc12041-e9ba-4e26-9017-b327128d6404 | 8b8064d2-0262-4842-beca-0dc01360bd05 | Мира                 |              204 | ул            |         8 | Элемент улично-дорожной сети | 5           | 0         | 1         | 0          | 3993      | 3998        |    225667 |       0 |           10 | Добавление     | 2016-10-19 | 2079-06-06 |   81531 | {78545,78727,84564,79628} |       4
       79737 |          84564 | 015bc036-5adc-44ba-953f-c98944ebdf3c | 8b8064d2-0262-4842-beca-0dc01360bd05 | Мостовая             |              204 | ул            |         8 | Элемент улично-дорожной сети | 5           | 0         | 1         | 0          | 3993      | 4000        |    225942 |       0 |           10 | Добавление     | 2016-10-19 | 2079-06-06 |   81643 | {78545,78727,84564,79737} |       4
       81643 |          84564 | c692373c-54e8-4f06-93a9-979b9b9c6f7c | 8b8064d2-0262-4842-beca-0dc01360bd05 | Мостовая             |              204 | ул            |         8 | Элемент улично-дорожной сети | 5           | 0         | 1         | 32         | 0         | 7           |    230777 |       0 |           10 | Добавление     | 2013-04-09 | 2079-06-06 |   81643 | {78545,78727,84564,81643} |       4
       79832 |          84564 | 914e49d9-5ec0-48c3-93f3-2965ac004be3 | 8b8064d2-0262-4842-beca-0dc01360bd05 | Садовая              |              204 | ул            |         8 | Элемент улично-дорожной сети | 5           | 0         | 1         | 0          | 3993      | 4001        |    226217 |       0 |           10 | Добавление     | 2016-10-19 | 2079-06-06 |   80221 | {78545,78727,84564,79832} |       4
       80221 |          84564 | bf24881d-00cb-460d-9ad5-b1359fac1b42 | 8b8064d2-0262-4842-beca-0dc01360bd05 | Садовая              |              204 | ул            |         8 | Элемент улично-дорожной сети | 5           | 0         | 1         | 32         | 0         | 12          |    227269 |       0 |           10 | Добавление     | 2017-08-14 | 2079-06-06 |   80221 | {78545,78727,84564,80221} |       4
       81714 |          84564 | 369aee13-6904-43a2-b3ab-15365e1655d1 | 8b8064d2-0262-4842-beca-0dc01360bd05 | Транзитная           |              204 | ул            |         8 | Элемент улично-дорожной сети | 5           | 0         | 1         | 32         | 0         | 9           |    230940 |       0 |           10 | Добавление     | 2013-07-24 | 2079-06-06 |   81714 | {78545,78727,84564,81714} |       4
       79948 |          84564 | 2c0b4d68-c423-4da5-a3d1-7be1912ed5b1 | 8b8064d2-0262-4842-beca-0dc01360bd05 | Транзитная           |              204 | ул            |         8 | Элемент улично-дорожной сети | 5           | 0         | 1         | 0          | 3993      | 4003        |    226569 |       0 |           10 | Добавление     | 2016-10-19 | 2079-06-06 |   81714 | {78545,78727,84564,79948} |       4
       81776 |          84564 | 64198789-a489-45d9-a15b-111f58d9009a | 8b8064d2-0262-4842-beca-0dc01360bd05 | Финиковая            |              204 | ул            |         8 | Элемент улично-дорожной сети | 5           | 0         | 1         | 32         | 0         | 10          |    231074 |       0 |           10 | Добавление     | 2013-07-09 | 2079-06-06 |   81776 | {78545,78727,84564,81776} |       4
       80011 |          84564 | 802c73f6-749a-4ced-9c7e-9baf5017855b | 8b8064d2-0262-4842-beca-0dc01360bd05 | Финиковая            |              204 | ул            |         8 | Элемент улично-дорожной сети | 5           | 0         | 1         | 0          | 3993      | 4004        |    226724 |       0 |           10 | Добавление     | 2016-10-19 | 2079-06-06 |   81776 | {78545,78727,84564,80011} |       4
       80071 |          84564 | 9724eb65-9e0f-4672-a9c1-fe7416aef368 | 8b8064d2-0262-4842-beca-0dc01360bd05 | Фруктовая            |              204 | ул            |         8 | Элемент улично-дорожной сети | 5           | 0         | 1         | 0          | 3993      | 4005        |    226885 |       0 |           10 | Добавление     | 2016-10-19 | 2079-06-06 |   81795 | {78545,78727,84564,80071} |       4
       81795 |          84564 | 2afcbebe-4123-4cf9-ab08-c98e134ef39a | 8b8064d2-0262-4842-beca-0dc01360bd05 | Фруктовая            |              204 | ул            |         8 | Элемент улично-дорожной сети | 5           | 0         | 1         | 32         | 0         | 11          |    231135 |       0 |           10 | Добавление     | 2013-07-24 | 2079-06-06 |   81795 | {78545,78727,84564,81795} |       4
       82827 |          84653 | b24a138d-ee8f-42fb-b05a-28ff84f937a2 | aece773e-5c5a-4dbe-8455-aa542f548704 | 2-й Локомотивной 2-й |              203 | туп           |         8 | Элемент улично-дорожной сети | 5           | 0         | 1         | 31         | 0         | 3           |    233588 |       0 |           10 | Добавление     | 2013-07-24 | 2079-06-06 |   87211 | {78545,78727,84653,82827} |       4
       87211 |          84653 | c105f543-3ed9-4ea7-a1c0-6e235f035539 | aece773e-5c5a-4dbe-8455-aa542f548704 | 2-й Локомотивной 2-й |              203 | туп           |         8 | Элемент улично-дорожной сети | 5           | 0         | 1         | 0          | 4093      | 4113        |    244384 |       0 |           10 | Добавление     | 2016-10-19 | 2079-06-06 |   87211 | {78545,78727,84653,87211} |       4
       77368 |          84653 | 0cea9d82-4384-46d3-9a22-6d857a14f107 | aece773e-5c5a-4dbe-8455-aa542f548704 | 3-й Локомотивной 2-й |              203 | туп           |         8 | Элемент улично-дорожной сети | 5           | 0         | 1         | 31         | 0         | 4           |    219712 |       0 |           10 | Добавление     | 2013-07-24 | 2079-06-06 |   87289 | {78545,78727,84653,77368} |       4
       87289 |          84653 | 0a33dc66-3cdc-469e-9f6e-2ddf1c42a33e | aece773e-5c5a-4dbe-8455-aa542f548704 | 3-й Локомотивной 2-й |              203 | туп           |         8 | Элемент улично-дорожной сети | 5           | 0         | 1         | 0          | 4093      | 4114        |    244555 |       0 |           10 | Добавление     | 2016-10-19 | 2079-06-06 |   87289 | {78545,78727,84653,87289} |       4
       87375 |          84653 | 45c00a79-a081-4c88-87dd-cecbc513525d | aece773e-5c5a-4dbe-8455-aa542f548704 | 4-й Локомотивной 2-й |              203 | туп           |         8 | Элемент улично-дорожной сети | 5           | 0         | 1         | 0          | 4093      | 4115        |    244737 |       0 |           10 | Добавление     | 2016-10-19 | 2079-06-06 |   87375 | {78545,78727,84653,87375} |       4
       77415 |          84653 | 5296e770-88ab-40da-8df7-d5c1ae8f1f08 | aece773e-5c5a-4dbe-8455-aa542f548704 | 4-й Локомотивной 2-й |              203 | туп           |         8 | Элемент улично-дорожной сети | 5           | 0         | 1         | 31         | 0         | 5           |    219810 |       0 |           10 | Добавление     | 2013-07-24 | 2079-06-06 |   87375 | {78545,78727,84653,77415} |       4
       77444 |          84653 | 146d6237-c774-4542-9535-a8d4dd14def8 | aece773e-5c5a-4dbe-8455-aa542f548704 | Ахульго              |              204 | ул            |         8 | Элемент улично-дорожной сети | 5           | 0         | 1         | 31         | 0         | 6           |    219894 |       0 |           10 | Добавление     | 2013-05-31 | 2079-06-06 |   80151 | {78545,78727,84653,77444} |       4
       80151 |          84653 | 73b4b5d5-0977-4a37-9982-04d8fb5c739d | aece773e-5c5a-4dbe-8455-aa542f548704 | Ахульго              |              204 | ул            |         8 | Элемент улично-дорожной сети | 5           | 0         | 1         | 0          | 4093      | 4094        |    227090 |       0 |           10 | Добавление     | 2016-10-19 | 2079-06-06 |   80151 | {78545,78727,84653,80151} |       4
       80209 |          84653 | 502ff6ed-6854-4b57-a293-3ff7f0be4b3b | aece773e-5c5a-4dbe-8455-aa542f548704 | Благородная          |              204 | ул            |         8 | Элемент улично-дорожной сети | 5           | 0         | 1         | 0          | 4093      | 4095        |    227241 |       0 |           10 | Добавление     | 2016-10-19 | 2079-06-06 |   80209 | {78545,78727,84653,80209} |       4
       77511 |          84653 | 049bd9f9-ebfa-4e6f-a07b-edb7f43994c6 | aece773e-5c5a-4dbe-8455-aa542f548704 | Благородная          |              204 | ул            |         8 | Элемент улично-дорожной сети | 5           | 0         | 1         | 31         | 0         | 7           |    220052 |       0 |           10 | Добавление     | 2013-07-24 | 2079-06-06 |   80209 | {78545,78727,84653,77511} |       4
       80243 |          84653 | 3fbb86d4-c4f1-449f-9c9a-66e277f829d5 | aece773e-5c5a-4dbe-8455-aa542f548704 | Даганова             |              204 | ул            |         8 | Элемент улично-дорожной сети | 5           | 0         | 1         | 0          | 4093      | 4096        |    227336 |       0 |           10 | Добавление     | 2016-10-19 | 2079-06-06 |   80243 | {78545,78727,84653,80243} |       4
       77530 |          84653 | e874d77b-eaae-4dd1-aae7-9e7a5de350ac | aece773e-5c5a-4dbe-8455-aa542f548704 | Даганова             |              204 | ул            |         8 | Элемент улично-дорожной сети | 5           | 0         | 1         | 31         | 0         | 8           |    220103 |       0 |           10 | Добавление     | 2014-11-20 | 2079-06-06 |   80243 | {78545,78727,84653,77530} |       4
       77587 |          84653 | c65e14e4-9a94-4a64-8d71-406418463ce3 | aece773e-5c5a-4dbe-8455-aa542f548704 | Конечная             |              204 | ул            |         8 | Элемент улично-дорожной сети | 5           | 0         | 1         | 31         | 0         | 9           |    220309 |       0 |           10 | Добавление     | 2013-07-24 | 2079-06-06 |   80293 | {78545,78727,84653,77587} |       4
       80293 |          84653 | 019d88e6-afae-4f11-bec7-9a9fc3e663a5 | aece773e-5c5a-4dbe-8455-aa542f548704 | Конечная             |              204 | ул            |         8 | Элемент улично-дорожной сети | 5           | 0         | 1         | 0          | 4093      | 4097        |    227476 |       0 |           10 | Добавление     | 2016-10-19 | 2079-06-06 |   80293 | {78545,78727,84653,80293} |       4
       80798 |          84653 | 90aab9fa-8bad-4f0c-9859-7a0a0d181791 | aece773e-5c5a-4dbe-8455-aa542f548704 | Межрайонная          |              204 | ул            |         8 | Элемент улично-дорожной сети | 5           | 0         | 1         | 0          | 4093      | 4105        |    228752 |       0 |           10 | Добавление     | 2016-10-19 | 2079-06-06 |   80798 | {78545,78727,84653,80798} |       4
       77742 |          84653 | 012d0b3f-b23f-46ee-86ca-348dfd33ada3 | aece773e-5c5a-4dbe-8455-aa542f548704 | Межрайонная          |              204 | ул            |         8 | Элемент улично-дорожной сети | 5           | 0         | 1         | 31         | 0         | 13          |    220729 |       0 |           10 | Добавление     | 2013-07-24 | 2079-06-06 |   80798 | {78545,78727,84653,77742} |       4
       80848 |          84653 | a04a5c83-fcde-4653-9795-8bb8dfe2b8c6 | aece773e-5c5a-4dbe-8455-aa542f548704 | Мира                 |              204 | ул            |         8 | Элемент улично-дорожной сети | 5           | 0         | 1         | 0          | 4093      | 4106        |    228892 |       0 |           10 | Добавление     | 2016-10-19 | 2079-06-06 |   80848 | {78545,78727,84653,80848} |       4
       77785 |          84653 | a2a088e3-f36f-4c07-b05b-b8b437f99253 | aece773e-5c5a-4dbe-8455-aa542f548704 | Мира                 |              204 | ул            |         8 | Элемент улично-дорожной сети | 5           | 0         | 1         | 31         | 0         | 14          |    220791 |       0 |           10 | Добавление     | 2013-07-24 | 2079-06-06 |   80848 | {78545,78727,84653,77785} |       4
       80933 |          84653 | 1b708347-9315-45e5-b0f7-44d0f4f5fcb7 | aece773e-5c5a-4dbe-8455-aa542f548704 | Мостовая             |              204 | ул            |         8 | Элемент улично-дорожной сети | 5           | 0         | 1         | 0          | 4093      | 4107        |    229081 |       0 |           10 | Добавление     | 2016-10-19 | 2079-06-06 |   80933 | {78545,78727,84653,80933} |       4
       77839 |          84653 | 3be41afe-4ae9-4a1b-8e22-9990e07ee7ff | aece773e-5c5a-4dbe-8455-aa542f548704 | Мостовая             |              204 | ул            |         8 | Элемент улично-дорожной сети | 5           | 0         | 1         | 31         | 0         | 15          |    220949 |       0 |           10 | Добавление     | 2013-04-09 | 2079-06-06 |   80933 | {78545,78727,84653,77839} |       4
       77875 |          84653 | 61eaa3be-b7ce-46d3-9a36-482cc401e065 | aece773e-5c5a-4dbe-8455-aa542f548704 | Рейсовая             |              204 | ул            |         8 | Элемент улично-дорожной сети | 5           | 0         | 1         | 31         | 0         | 16          |    221020 |       0 |           10 | Добавление     | 2013-07-24 | 2079-06-06 |   81014 | {78545,78727,84653,77875} |       4
       81014 |          84653 | 2e657ab0-4e5c-4aa4-99de-62b3624b39b5 | aece773e-5c5a-4dbe-8455-aa542f548704 | Рейсовая             |              204 | ул            |         8 | Элемент улично-дорожной сети | 5           | 0         | 1         | 0          | 4093      | 4108        |    229245 |       0 |           10 | Добавление     | 2016-10-19 | 2079-06-06 |   81014 | {78545,78727,84653,81014} |       4
       77883 |          84653 | 31524a8d-f5df-4a22-9697-1791caf72692 | aece773e-5c5a-4dbe-8455-aa542f548704 | Садовая              |              204 | ул            |         8 | Элемент улично-дорожной сети | 5           | 0         | 1         | 31         | 0         | 17          |    221038 |       0 |           10 | Добавление     | 2013-04-09 | 2079-06-06 |   81088 | {78545,78727,84653,77883} |       4
       81088 |          84653 | 806c00f0-64b1-496b-ac23-143664ef687d | aece773e-5c5a-4dbe-8455-aa542f548704 | Садовая              |              204 | ул            |         8 | Элемент улично-дорожной сети | 5           | 0         | 1         | 0          | 4093      | 4109        |    229421 |       0 |           10 | Добавление     | 2016-10-19 | 2079-06-06 |   81088 | {78545,78727,84653,81088} |       4
       77916 |          84653 | 68dd546f-b3b6-423b-a6b5-5f5032e4ce81 | aece773e-5c5a-4dbe-8455-aa542f548704 | Транзитная           |              204 | ул            |         8 | Элемент улично-дорожной сети | 5           | 0         | 1         | 31         | 0         | 19          |    221104 |       0 |           10 | Добавление     | 2013-07-24 | 2079-06-06 |   81118 | {78545,78727,84653,77916} |       4
       81118 |          84653 | f3447545-3e2b-4084-b1c2-9333f0a34649 | aece773e-5c5a-4dbe-8455-aa542f548704 | Транзитная           |              204 | ул            |         8 | Элемент улично-дорожной сети | 5           | 0         | 1         | 0          | 4093      | 4110        |    229480 |       0 |           10 | Добавление     | 2016-10-19 | 2079-06-06 |   81118 | {78545,78727,84653,81118} |       4
       81195 |          84653 | eea892d5-265c-4418-8c2a-7d237a93d3d8 | aece773e-5c5a-4dbe-8455-aa542f548704 | Фруктовая            |              204 | ул            |         8 | Элемент улично-дорожной сети | 5           | 0         | 1         | 0          | 4093      | 4111        |    229659 |       0 |           10 | Добавление     | 2016-10-19 | 2079-06-06 |   81320 | {78545,78727,84653,81195} |       4
       81320 |          84653 | 8d58ca8c-a65a-4370-a5d4-584f44ac5b73 | aece773e-5c5a-4dbe-8455-aa542f548704 | Фруктовая            |              204 | ул            |         8 | Элемент улично-дорожной сети | 5           | 0         | 1         | 31         | 0         | 1           |    229978 |       0 |           10 | Добавление     | 2013-07-24 | 2079-06-06 |   81320 | {78545,78727,84653,81320} |       4
(58 строк)

 id_area | id_country | nm_area  | nm_area_full  | id_area_type | id_area_parent | kd_timezone | pr_detailed | kd_oktmo |             nm_fias_guid             | dt_data_del | id_data_etalon |  kd_okato   | nm_zipcode |  kd_kladr   | vl_addr_latitude | vl_addr_longitude 
---------+------------+----------+---------------+--------------+----------------+-------------+-------------+----------+--------------------------------------+-------------+----------------+-------------+------------+-------------+------------------+-------------------
       6 |        185 | Дагестан | Дагестан Респ |           41 |                |           2 |           0 | 82000000 | 0bb7fa19-736d-49cf-ad0e-9774c4dae09b |             |                | 82000000000 | 368000     | 05000000000 |                  |                  
(1 строка)

 f_xxx_obj_seq_crt 
-------------------
         600078205
       10600078205
(2 строки)

 f_set_params_value 
--------------------
            1061697
(1 строка)

 f_xxx_adr_area_set_data 
-------------------------
                   26508
(1 строка)

 f_xxx_adr_house_set_data 
--------------------------
                   618424
(1 строка)

 f_xxx_obj_fias_set_data 
-------------------------
                    2084
                   24424
                  617469
(3 строки)

