BEGIN
SET
Секундомер включён.
SET
Время: 0,112 мс
SET
Время: 0,078 мс
SET
Время: 0,110 мс
 total_row | ins_row | upd_row 
-----------+---------+---------
         3 |       0 |       7
(1 строка)

Время: 128,002 мс
 id_area | id_country |     nm_area      |                    nm_area_full                    | id_area_type | id_area_parent | kd_timezone | pr_detailed | kd_oktmo |             nm_fias_guid             |        dt_data_del         | id_data_etalon |  kd_okato   | nm_zipcode | kd_kladr | vl_addr_latitude | vl_addr_longitude | id_area_hist |        date_create         | f_server_name | id_region 
---------+------------+------------------+----------------------------------------------------+--------------+----------------+-------------+-------------+----------+--------------------------------------+----------------------------+----------------+-------------+------------+----------+------------------+-------------------+--------------+----------------------------+---------------+-----------
  208173 |        185 | Кривая балка     | Дагестан Респ, Махачкала г., Кривая балка мкр.     |           30 |            217 |           2 |           0 | 82701000 | 9382a57a-a899-4739-80e5-63d86820a21f | 2023-10-03 13:59:28.756254 |         208173 | 82401362000 |            |          |                  |                   |        23621 | 2023-10-03 13:59:28.756254 |               |         0
  208184 |        185 | Сулакский        | Дагестан Респ, Махачкала г., Сулакский мкр.        |           30 |            217 |           2 |           0 | 82701362 | 21b254bb-697f-49fd-b0ab-9b9bdf0bbef2 | 2023-10-03 13:59:28.756254 |         208184 | 82401362000 |            |          |                  |                   |        23620 | 2023-10-03 13:59:28.756254 |               |         0
  208140 |        185 | Омарова-Чохского | Дагестан Респ, Махачкала г., Омарова-Чохского мкр. |           30 |            217 |           2 |           0 | 82701365 | 836c7232-c614-4455-a71c-9874f2ccee96 | 2023-10-03 13:59:28.756254 |         208140 | 82401365000 |            |          |                  |                   |        23619 | 2023-10-03 13:59:28.756254 |               |         0
(3 строки)

Время: 1,052 мс
COMMIT
Время: 38,498 мс
