BEGIN
SET
SET
SET
SET
Секундомер включён.
 total_row | upd_row 
-----------+---------
      2057 |       7
(1 строка)

Время: 5085,058 мс (00:05,085)
 id_area | id_country |     nm_area      |                    nm_area_full                    | id_area_type | id_area_parent | kd_timezone | pr_detailed | kd_oktmo |             nm_fias_guid             |        dt_data_del         | id_data_etalon |  kd_okato   | nm_zipcode | kd_kladr | vl_addr_latitude | vl_addr_longitude | id_area_hist |        date_create         | f_server_name | id_region 
---------+------------+------------------+----------------------------------------------------+--------------+----------------+-------------+-------------+----------+--------------------------------------+----------------------------+----------------+-------------+------------+----------+------------------+-------------------+--------------+----------------------------+---------------+-----------
  208173 |        185 | Кривая балка     | Дагестан Респ, Махачкала г., Кривая балка мкр.     |           30 |            217 |           2 |           0 | 82701000 | 9382a57a-a899-4739-80e5-63d86820a21f | 2023-10-03 13:59:28.756254 |         208173 | 82401362000 |            |          |                  |                   |        23621 | 2023-10-03 13:59:28.756254 |               |         0
  208184 |        185 | Сулакский        | Дагестан Респ, Махачкала г., Сулакский мкр.        |           30 |            217 |           2 |           0 | 82701362 | 21b254bb-697f-49fd-b0ab-9b9bdf0bbef2 | 2023-10-03 13:59:28.756254 |         208184 | 82401362000 |            |          |                  |                   |        23620 | 2023-10-03 13:59:28.756254 |               |         0
  208140 |        185 | Омарова-Чохского | Дагестан Респ, Махачкала г., Омарова-Чохского мкр. |           30 |            217 |           2 |           0 | 82701365 | 836c7232-c614-4455-a71c-9874f2ccee96 | 2023-10-03 13:59:28.756254 |         208140 | 82401365000 |            |          |                  |                   |        23619 | 2023-10-03 13:59:28.756254 |               |         0
(3 строки)

Время: 1,413 мс
COMMIT
Время: 0,201 мс
BEGIN
SET
SET
SET
SET
Секундомер включён.
 total_row | upd_row 
-----------+---------
      2057 |       3
(1 строка)

Время: 5992,460 мс (00:05,992)
 id_area | id_country |     nm_area      |                    nm_area_full                    | id_area_type | id_area_parent | kd_timezone | pr_detailed | kd_oktmo |             nm_fias_guid             |        dt_data_del         | id_data_etalon |  kd_okato   | nm_zipcode | kd_kladr | vl_addr_latitude | vl_addr_longitude | id_area_hist |        date_create         | f_server_name | id_region 
---------+------------+------------------+----------------------------------------------------+--------------+----------------+-------------+-------------+----------+--------------------------------------+----------------------------+----------------+-------------+------------+----------+------------------+-------------------+--------------+----------------------------+---------------+-----------
  208173 |        185 | Кривая балка     | Дагестан Респ, Махачкала г., Кривая балка мкр.     |           30 |            217 |           2 |           0 | 82701362 | 9a8e9141-6ecd-4dc0-a449-363ce08203f3 | 2023-10-04 12:21:00.460042 |         208173 | 82401362000 |            |          |                  |                   |        23624 | 2023-10-04 12:21:00.460042 |               |         0
  208184 |        185 | Сулакский        | Дагестан Респ, Махачкала г., Сулакский мкр.        |           30 |            217 |           2 |           0 | 82701362 | 91bb271a-4093-4933-837c-ff8de0c9e511 | 2023-10-04 12:21:00.460042 |         208184 | 82401362000 |            |          |                  |                   |        23623 | 2023-10-04 12:21:00.460042 |               |         0
  208140 |        185 | Омарова-Чохского | Дагестан Респ, Махачкала г., Омарова-Чохского мкр. |           30 |            217 |           2 |           0 | 82701365 | 2cd50151-d2c0-4b9f-b3fd-3a6734c47cc0 | 2023-10-04 12:21:00.460042 |         208140 | 82401365000 |            |          |                  |                   |        23622 | 2023-10-04 12:21:00.460042 |               |         0
  208173 |        185 | Кривая балка     | Дагестан Респ, Махачкала г., Кривая балка мкр.     |           30 |            217 |           2 |           0 | 82701000 | 9382a57a-a899-4739-80e5-63d86820a21f | 2023-10-03 13:59:28.756254 |         208173 | 82401362000 |            |          |                  |                   |        23621 | 2023-10-03 13:59:28.756254 |               |         0
  208184 |        185 | Сулакский        | Дагестан Респ, Махачкала г., Сулакский мкр.        |           30 |            217 |           2 |           0 | 82701362 | 21b254bb-697f-49fd-b0ab-9b9bdf0bbef2 | 2023-10-03 13:59:28.756254 |         208184 | 82401362000 |            |          |                  |                   |        23620 | 2023-10-03 13:59:28.756254 |               |         0
  208140 |        185 | Омарова-Чохского | Дагестан Респ, Махачкала г., Омарова-Чохского мкр. |           30 |            217 |           2 |           0 | 82701365 | 836c7232-c614-4455-a71c-9874f2ccee96 | 2023-10-03 13:59:28.756254 |         208140 | 82401365000 |            |          |                  |                   |        23619 | 2023-10-03 13:59:28.756254 |               |         0
(6 строк)

Время: 1,152 мс
COMMIT
Время: 0,214 мс
BEGIN
SET
SET
SET
SET
Секундомер включён.
 total_row | upd_row 
-----------+---------
      2057 |       3
(1 строка)

Время: 6118,165 мс (00:06,118)
 id_area | id_country |     nm_area      |                    nm_area_full                    | id_area_type | id_area_parent | kd_timezone | pr_detailed | kd_oktmo |             nm_fias_guid             |        dt_data_del         | id_data_etalon |  kd_okato   | nm_zipcode | kd_kladr | vl_addr_latitude | vl_addr_longitude | id_area_hist |        date_create         | f_server_name | id_region 
---------+------------+------------------+----------------------------------------------------+--------------+----------------+-------------+-------------+----------+--------------------------------------+----------------------------+----------------+-------------+------------+----------+------------------+-------------------+--------------+----------------------------+---------------+-----------
  208173 |        185 | Кривая балка     | Дагестан Респ, Махачкала г., Кривая балка мкр.     |           30 |            217 |           2 |           0 | 82701000 | 9382a57a-a899-4739-80e5-63d86820a21f | 2023-10-04 15:36:06.925858 |         208173 | 82401362000 |            |          |                  |                   |        23633 | 2023-10-04 15:36:06.925858 |               |         0
  208184 |        185 | Сулакский        | Дагестан Респ, Махачкала г., Сулакский мкр.        |           30 |            217 |           2 |           0 | 82701362 | 21b254bb-697f-49fd-b0ab-9b9bdf0bbef2 | 2023-10-04 15:36:06.925858 |         208184 | 82401362000 |            |          |                  |                   |        23632 | 2023-10-04 15:36:06.925858 |               |         0
  208140 |        185 | Омарова-Чохского | Дагестан Респ, Махачкала г., Омарова-Чохского мкр. |           30 |            217 |           2 |           0 | 82701365 | 836c7232-c614-4455-a71c-9874f2ccee96 | 2023-10-04 15:36:06.925858 |         208140 | 82401365000 |            |          |                  |                   |        23631 | 2023-10-04 15:36:06.925858 |               |         0
  208173 |        185 | Кривая балка     | Дагестан Респ, Махачкала г., Кривая балка мкр.     |           30 |            217 |           2 |           0 | 82701362 | 9a8e9141-6ecd-4dc0-a449-363ce08203f3 | 2023-10-04 12:21:00.460042 |         208173 | 82401362000 |            |          |                  |                   |        23624 | 2023-10-04 12:21:00.460042 |               |         0
  208184 |        185 | Сулакский        | Дагестан Респ, Махачкала г., Сулакский мкр.        |           30 |            217 |           2 |           0 | 82701362 | 91bb271a-4093-4933-837c-ff8de0c9e511 | 2023-10-04 12:21:00.460042 |         208184 | 82401362000 |            |          |                  |                   |        23623 | 2023-10-04 12:21:00.460042 |               |         0
  208140 |        185 | Омарова-Чохского | Дагестан Респ, Махачкала г., Омарова-Чохского мкр. |           30 |            217 |           2 |           0 | 82701365 | 2cd50151-d2c0-4b9f-b3fd-3a6734c47cc0 | 2023-10-04 12:21:00.460042 |         208140 | 82401365000 |            |          |                  |                   |        23622 | 2023-10-04 12:21:00.460042 |               |         0
(6 строк)

Время: 1,198 мс
COMMIT
Время: 0,217 мс
