BEGIN
SET
SET
SET
SET
Секундомер включён.
 total_row | upd_row 
-----------+---------
      2078 |       7
(1 строка)

Время: 4838,920 мс (00:04,839)
 id_area | id_country |     nm_area      |                    nm_area_full                    | id_area_type | id_area_parent | kd_timezone | pr_detailed | kd_oktmo |             nm_fias_guid             |        dt_data_del         | id_data_etalon |  kd_okato   | nm_zipcode |  kd_kladr   | vl_addr_latitude | vl_addr_longitude | id_area_hist |        date_create         | f_server_name | id_region 
---------+------------+------------------+----------------------------------------------------+--------------+----------------+-------------+-------------+----------+--------------------------------------+----------------------------+----------------+-------------+------------+-------------+------------------+-------------------+--------------+----------------------------+---------------+-----------
  208173 |        185 | Кривая балка     | Дагестан Респ, Махачкала г., Кривая балка мкр.     |           30 |            217 |           2 |           0 | 82701362 | 9a8e9141-6ecd-4dc0-a449-363ce08203f3 | 2023-10-25 10:50:01.393839 |         208173 | 82401362000 |            |             |                  |                   |        23655 | 2023-10-25 10:50:01.393839 |               |         0
  208184 |        185 | Сулакский        | Дагестан Респ, Махачкала г., Сулакский мкр.        |           30 |            217 |           2 |           0 | 82701362 | 91bb271a-4093-4933-837c-ff8de0c9e511 | 2023-10-25 10:50:01.393839 |         208184 | 82401362000 |            |             |                  |                   |        23654 | 2023-10-25 10:50:01.393839 |               |         0
  208140 |        185 | Омарова-Чохского | Дагестан Респ, Махачкала г., Омарова-Чохского мкр. |           30 |            217 |           2 |           0 | 82701365 | 2cd50151-d2c0-4b9f-b3fd-3a6734c47cc0 | 2023-10-25 10:50:01.393839 |         208140 | 82401365000 |            |             |                  |                   |        23653 | 2023-10-25 10:50:01.393839 |               |         0
  192259 |        185 | Урожай           | Дагестан Респ, Махачкала г., Урожай кв-л           |           23 |            217 |           2 |           0 | 82701362 | 450279b7-39ac-4e99-a505-10dd7b675d3d | 2023-10-25 10:50:01.393839 |         192259 | 82401362000 |            | 05000001033 |                  |                   |        23652 | 2023-10-25 10:50:01.393839 |               |         0
  192263 |        185 | Садовод          | Дагестан Респ, Махачкала г., Садовод кв-л          |           23 |            217 |           2 |           0 | 82701362 | 8b8064d2-0262-4842-beca-0dc01360bd05 | 2023-10-25 10:50:01.393839 |         192263 | 82401362000 | 367014     | 05000001032 |                  |                   |        23651 | 2023-10-25 10:50:01.393839 |               |         0
  192331 |        185 | Локомотив        | Дагестан Респ, Махачкала г., Локомотив кв-л        |           23 |            217 |           2 |           0 | 82701362 | aece773e-5c5a-4dbe-8455-aa542f548704 | 2023-10-25 10:50:01.393839 |         192331 | 82401362000 |            | 05000001031 |                  |                   |        23650 | 2023-10-25 10:50:01.393839 |               |         0
   22872 |        185 | Нефтекачка       | Дагестан Респ, Махачкала г., Нефтекачка кв-л       |           23 |            217 |           2 |           0 | 82701362 | c3cc37d3-b48d-4e6c-a160-082b8b3f0e29 | 2023-10-25 10:50:01.393839 |          22872 | 82401362000 | 367009     | 05000001029 |                  |                   |        23649 | 2023-10-25 10:50:01.393839 |               |         0
(7 строк)

Время: 1,155 мс
 id_area | op_sign | id_area | id_country |     nm_area      |                    nm_area_full                    | id_area_type | id_area_parent | kd_timezone | pr_detailed |  kd_oktmo   |             nm_fias_guid             | dt_data_del | id_data_etalon |  kd_okato   | nm_zipcode |  kd_kladr   | vl_addr_latitude | vl_addr_longitude 
---------+---------+---------+------------+------------------+----------------------------------------------------+--------------+----------------+-------------+-------------+-------------+--------------------------------------+-------------+----------------+-------------+------------+-------------+------------------+-------------------
   22872 | U       |   22872 |        185 | Нефтекачка       | Дагестан Респ, Махачкала г., Нефтекачка кв-л       |           23 |            217 |           2 |           0 | 82000000    | 629a5247-b5e9-4abe-b420-ea7373a15cdc |             |                | 82401362000 | 367009     | 05000001029 |                  |                  
  192331 | U       |  192331 |        185 | Локомотив        | Дагестан Респ, Махачкала г., Локомотив кв-л        |           23 |            217 |           2 |           0 | 82701000001 | 6a5b8826-dc74-4694-bbba-776daa464be1 |             |                | 82401362000 |            | 05000001031 |                  |                  
  192263 | U       |  192263 |        185 | Садовод          | Дагестан Респ, Махачкала г., Садовод кв-л          |           23 |            217 |           2 |           0 | 82701000001 | 0f617717-1040-4742-bfb2-0eaaa040d4fa |             |                | 82401362000 | 367014     | 05000001032 |                  |                  
  192259 | U       |  192259 |        185 | Урожай           | Дагестан Респ, Махачкала г., Урожай кв-л           |           23 |            217 |           2 |           0 | 82701000001 | 0e4ebdbe-e302-4237-94db-0c168f22b5db |             |                | 82401362000 |            | 05000001033 |                  |                  
  208140 | U       |  208140 |        185 | Омарова-Чохского | Дагестан Респ, Махачкала г., Омарова-Чохского мкр. |           30 |            217 |           2 |           0 | 82701365    | 836c7232-c614-4455-a71c-9874f2ccee96 |             |                | 82401365000 |            |             |                  |                  
  208184 | U       |  208184 |        185 | Сулакский        | Дагестан Респ, Махачкала г., Сулакский мкр.        |           30 |            217 |           2 |           0 | 82701362    | 21b254bb-697f-49fd-b0ab-9b9bdf0bbef2 |             |                | 82401362000 |            |             |                  |                  
  208173 | U       |  208173 |        185 | Кривая балка     | Дагестан Респ, Махачкала г., Кривая балка мкр.     |           30 |            217 |           2 |           0 | 82701000    | 9382a57a-a899-4739-80e5-63d86820a21f |             |                | 82401362000 |            |             |                  |                  
(7 строк)

Время: 0,408 мс
 id_area  | nm_area  | nm_area_full | id_area_type | nm_area_type | id_area_parent |         nm_fias_guid_parent          |  kd_oktmo   |             nm_fias_guid             |  kd_okato   | nm_zipcode | kd_kladr |            tree_d            | level_d | obj_level |           level_name            | oper_type_id | oper_type_name | curr_date  | check_kind 
----------+----------+--------------+--------------+--------------+----------------+--------------------------------------+-------------+--------------------------------------+-------------+------------+----------+------------------------------+---------+-----------+---------------------------------+--------------+----------------+------------+------------
 99285852 | Гаражная | Гаражная     |          326 | ул.          |          95352 | fbfe026c-403d-4433-b271-0ebbca886c1e | 82649403101 | 7daa96c1-5e22-4f5a-a111-06cd36e229a9 | 82249000002 |            |          | {78545,98621,95352,99285852} |       4 |         7 | Элемент планировочной структуры |           10 | Добавление     | 2023-10-20 | 0
(1 строка)

Время: 0,433 мс
ROLLBACK
Время: 0,265 мс
BEGIN
SET
SET
SET
SET
Секундомер включён.
 total_row | upd_row 
-----------+---------
      2078 |       7
(1 строка)

Время: 4711,090 мс (00:04,711)
 id_area | id_country |     nm_area      |                    nm_area_full                    | id_area_type | id_area_parent | kd_timezone | pr_detailed | kd_oktmo |             nm_fias_guid             |        dt_data_del         | id_data_etalon |  kd_okato   | nm_zipcode |  kd_kladr   | vl_addr_latitude | vl_addr_longitude | id_area_hist |        date_create         | f_server_name | id_region 
---------+------------+------------------+----------------------------------------------------+--------------+----------------+-------------+-------------+----------+--------------------------------------+----------------------------+----------------+-------------+------------+-------------+------------------+-------------------+--------------+----------------------------+---------------+-----------
  208173 |        185 | Кривая балка     | Дагестан Респ, Махачкала г., Кривая балка мкр.     |           30 |            217 |           2 |           0 | 82701362 | 9a8e9141-6ecd-4dc0-a449-363ce08203f3 | 2023-10-25 10:50:01.393839 |         208173 | 82401362000 |            |             |                  |                   |        23655 | 2023-10-25 10:50:01.393839 |               |         0
  208184 |        185 | Сулакский        | Дагестан Респ, Махачкала г., Сулакский мкр.        |           30 |            217 |           2 |           0 | 82701362 | 91bb271a-4093-4933-837c-ff8de0c9e511 | 2023-10-25 10:50:01.393839 |         208184 | 82401362000 |            |             |                  |                   |        23654 | 2023-10-25 10:50:01.393839 |               |         0
  208140 |        185 | Омарова-Чохского | Дагестан Респ, Махачкала г., Омарова-Чохского мкр. |           30 |            217 |           2 |           0 | 82701365 | 2cd50151-d2c0-4b9f-b3fd-3a6734c47cc0 | 2023-10-25 10:50:01.393839 |         208140 | 82401365000 |            |             |                  |                   |        23653 | 2023-10-25 10:50:01.393839 |               |         0
  192259 |        185 | Урожай           | Дагестан Респ, Махачкала г., Урожай кв-л           |           23 |            217 |           2 |           0 | 82701362 | 450279b7-39ac-4e99-a505-10dd7b675d3d | 2023-10-25 10:50:01.393839 |         192259 | 82401362000 |            | 05000001033 |                  |                   |        23652 | 2023-10-25 10:50:01.393839 |               |         0
  192263 |        185 | Садовод          | Дагестан Респ, Махачкала г., Садовод кв-л          |           23 |            217 |           2 |           0 | 82701362 | 8b8064d2-0262-4842-beca-0dc01360bd05 | 2023-10-25 10:50:01.393839 |         192263 | 82401362000 | 367014     | 05000001032 |                  |                   |        23651 | 2023-10-25 10:50:01.393839 |               |         0
  192331 |        185 | Локомотив        | Дагестан Респ, Махачкала г., Локомотив кв-л        |           23 |            217 |           2 |           0 | 82701362 | aece773e-5c5a-4dbe-8455-aa542f548704 | 2023-10-25 10:50:01.393839 |         192331 | 82401362000 |            | 05000001031 |                  |                   |        23650 | 2023-10-25 10:50:01.393839 |               |         0
   22872 |        185 | Нефтекачка       | Дагестан Респ, Махачкала г., Нефтекачка кв-л       |           23 |            217 |           2 |           0 | 82701362 | c3cc37d3-b48d-4e6c-a160-082b8b3f0e29 | 2023-10-25 10:50:01.393839 |          22872 | 82401362000 | 367009     | 05000001029 |                  |                   |        23649 | 2023-10-25 10:50:01.393839 |               |         0
(7 строк)

Время: 1,183 мс
 id_area | op_sign | id_area | id_country |     nm_area      |                    nm_area_full                    | id_area_type | id_area_parent | kd_timezone | pr_detailed |  kd_oktmo   |             nm_fias_guid             | dt_data_del | id_data_etalon |  kd_okato   | nm_zipcode |  kd_kladr   | vl_addr_latitude | vl_addr_longitude 
---------+---------+---------+------------+------------------+----------------------------------------------------+--------------+----------------+-------------+-------------+-------------+--------------------------------------+-------------+----------------+-------------+------------+-------------+------------------+-------------------
   22872 | U       |   22872 |        185 | Нефтекачка       | Дагестан Респ, Махачкала г., Нефтекачка кв-л       |           23 |            217 |           2 |           0 | 82000000    | 629a5247-b5e9-4abe-b420-ea7373a15cdc |             |                | 82401362000 | 367009     | 05000001029 |                  |                  
  192331 | U       |  192331 |        185 | Локомотив        | Дагестан Респ, Махачкала г., Локомотив кв-л        |           23 |            217 |           2 |           0 | 82701000001 | 6a5b8826-dc74-4694-bbba-776daa464be1 |             |                | 82401362000 |            | 05000001031 |                  |                  
  192263 | U       |  192263 |        185 | Садовод          | Дагестан Респ, Махачкала г., Садовод кв-л          |           23 |            217 |           2 |           0 | 82701000001 | 0f617717-1040-4742-bfb2-0eaaa040d4fa |             |                | 82401362000 | 367014     | 05000001032 |                  |                  
  192259 | U       |  192259 |        185 | Урожай           | Дагестан Респ, Махачкала г., Урожай кв-л           |           23 |            217 |           2 |           0 | 82701000001 | 0e4ebdbe-e302-4237-94db-0c168f22b5db |             |                | 82401362000 |            | 05000001033 |                  |                  
  208140 | U       |  208140 |        185 | Омарова-Чохского | Дагестан Респ, Махачкала г., Омарова-Чохского мкр. |           30 |            217 |           2 |           0 | 82701365    | 836c7232-c614-4455-a71c-9874f2ccee96 |             |                | 82401365000 |            |             |                  |                  
  208184 | U       |  208184 |        185 | Сулакский        | Дагестан Респ, Махачкала г., Сулакский мкр.        |           30 |            217 |           2 |           0 | 82701362    | 21b254bb-697f-49fd-b0ab-9b9bdf0bbef2 |             |                | 82401362000 |            |             |                  |                  
  208173 | U       |  208173 |        185 | Кривая балка     | Дагестан Респ, Махачкала г., Кривая балка мкр.     |           30 |            217 |           2 |           0 | 82701000    | 9382a57a-a899-4739-80e5-63d86820a21f |             |                | 82401362000 |            |             |                  |                  
(7 строк)

Время: 0,388 мс
 id_area  | nm_area  | nm_area_full | id_area_type | nm_area_type | id_area_parent |         nm_fias_guid_parent          |  kd_oktmo   |             nm_fias_guid             |  kd_okato   | nm_zipcode | kd_kladr |            tree_d            | level_d | obj_level |           level_name            | oper_type_id | oper_type_name | curr_date  | check_kind 
----------+----------+--------------+--------------+--------------+----------------+--------------------------------------+-------------+--------------------------------------+-------------+------------+----------+------------------------------+---------+-----------+---------------------------------+--------------+----------------+------------+------------
 99285852 | Гаражная | Гаражная     |          326 | ул.          |          95352 | fbfe026c-403d-4433-b271-0ebbca886c1e | 82649403101 | 7daa96c1-5e22-4f5a-a111-06cd36e229a9 | 82249000002 |            |          | {78545,98621,95352,99285852} |       4 |         7 | Элемент планировочной структуры |           10 | Добавление     | 2023-10-20 | 0
(1 строка)

Время: 0,432 мс
COMMIT
Время: 0,236 мс
