BEGIN
SET
SET
SET
SET
Секундомер включён.
 total_row | upd_row 
-----------+---------
     24120 |       0
(1 строка)

Время: 36638,521 мс (00:36,639)
 id_street | id_area | nm_street | id_street_type | nm_street_full | nm_fias_guid | dt_data_del | id_data_etalon | kd_kladr | vl_addr_latitude | vl_addr_longitude | id_street_hist | date_create | f_server_name | id_region 
-----------+---------+-----------+----------------+----------------+--------------+-------------+----------------+----------+------------------+-------------------+----------------+-------------+---------------+-----------
(0 строк)

Время: 1,282 мс
COMMIT
Время: 0,287 мс
BEGIN
SET
SET
SET
SET
Секундомер включён.
 total_row | upd_row 
-----------+---------
     24120 |       0
(1 строка)

Время: 37745,937 мс (00:37,746)
 id_street | id_area | nm_street | id_street_type | nm_street_full | nm_fias_guid | dt_data_del | id_data_etalon | kd_kladr | vl_addr_latitude | vl_addr_longitude | id_street_hist | date_create | f_server_name | id_region 
-----------+---------+-----------+----------------+----------------+--------------+-------------+----------------+----------+------------------+-------------------+----------------+-------------+---------------+-----------
(0 строк)

Время: 1,097 мс
ROLLBACK
Время: 0,241 мс
