BEGIN
SET
SET
SET
SET
Секундомер включён.
 total_row | upd_row 
-----------+---------
    610167 |       0
(1 строка)

Время: 596231,350 мс (09:56,231)
 id_house | id_area | id_street | id_house_type_1 | nm_house_1 | id_house_type_2 | nm_house_2 | id_house_type_3 | nm_house_3 | nm_zipcode | nm_house_full | kd_oktmo | nm_fias_guid | dt_data_del | id_data_etalon | kd_okato | vl_addr_latitude | vl_addr_longitude | id_house_hist | date_create | f_server_name | id_region 
----------+---------+-----------+-----------------+------------+-----------------+------------+-----------------+------------+------------+---------------+----------+--------------+-------------+----------------+----------+------------------+-------------------+---------------+-------------+---------------+-----------
(0 строк)

Время: 1,703 мс
COMMIT
Время: 0,255 мс
BEGIN
SET
SET
SET
SET
Секундомер включён.
 total_row | upd_row 
-----------+---------
    610168 |       1
(1 строка)

Время: 670194,055 мс (11:10,194)
 id_house | id_area | id_street | id_house_type_1 | nm_house_1 | id_house_type_2 | nm_house_2 | id_house_type_3 | nm_house_3 | nm_zipcode | nm_house_full | kd_oktmo | nm_fias_guid | dt_data_del | id_data_etalon | kd_okato | vl_addr_latitude | vl_addr_longitude | id_house_hist | date_create | f_server_name | id_region 
----------+---------+-----------+-----------------+------------+-----------------+------------+-----------------+------------+------------+---------------+----------+--------------+-------------+----------------+----------+------------------+-------------------+---------------+-------------+---------------+-----------
(0 строк)

Время: 1,145 мс
ROLLBACK
Время: 0,283 мс
BEGIN
SET
SET
SET
SET
Секундомер включён.
 total_row | upd_row 
-----------+---------
    610168 |       1
(1 строка)

Время: 607384,098 мс (10:07,384)
 id_house | id_area | id_street | id_house_type_1 | nm_house_1 | id_house_type_2 | nm_house_2 | id_house_type_3 | nm_house_3 | nm_zipcode | nm_house_full | kd_oktmo | nm_fias_guid | dt_data_del | id_data_etalon | kd_okato | vl_addr_latitude | vl_addr_longitude | id_house_hist | date_create | f_server_name | id_region 
----------+---------+-----------+-----------------+------------+-----------------+------------+-----------------+------------+------------+---------------+----------+--------------+-------------+----------------+----------+------------------+-------------------+---------------+-------------+---------------+-----------
(0 строк)

Время: 1,005 мс
COMMIT
Время: 37,649 мс
