 save_gar_version 
------------------
               82
(1 row)

CALL
CALL
CALL
 set_gar_dt_create 
-------------------
                82
(1 row)

CALL
gar_fias.as_apartment_type: 13
gar_fias.as_addr_obj_type: 421
gar_fias.as_room_type: 3
gar_fias.as_operation_type: 27
gar_fias.as_param_type: 20
gar_fias.as_house_type: 14
gar_fias.as_add_house_type: 4
gar_fias.as_object_level: 17
gar_fias.as_norm_docs_types: 25
gar_fias.as_norm_docs_kinds: 4
gar_fias.as_reestr_objects: 815638
gar_fias.as_addr_obj: 16369
gar_fias.as_houses: 629178
gar_fias.as_steads: 36408
gar_fias.as_apartments: 458149
gar_fias.as_rooms: 659
gar_fias.as_carplaces: 1326
gar_fias.as_adm_hierarchy: 818196
gar_fias.as_mun_hierarchy: 1150939
gar_fias.as_change_history: 3193354
gar_fias.as_addr_obj_division: 23
gar_fias.as_addr_obj_params: 228951
gar_fias.as_steads_params: 450626
gar_fias.as_houses_params: 5062019
gar_fias.as_apartments_params: 835941
gar_fias.as_rooms_params: 674
gar_fias.as_carplaces_params: 0
gar_fias.as_normative_docs: 69870
