 save_gar_version 
------------------
               85
(1 row)

CALL
CALL
CALL
 set_gar_dt_create 
-------------------
                85
(1 row)

CALL
gar_fias.as_apartment_type: 13
gar_fias.as_addr_obj_type: 421
gar_fias.as_room_type: 3
gar_fias.as_operation_type: 27
gar_fias.as_param_type: 20
gar_fias.as_house_type: 14
gar_fias.as_add_house_type: 4
gar_fias.as_object_level: 17
gar_fias.as_norm_docs_types: 25
gar_fias.as_norm_docs_kinds: 4
gar_fias.as_reestr_objects: 306928
gar_fias.as_addr_obj: 5259
gar_fias.as_houses: 232998
gar_fias.as_steads: 8150
gar_fias.as_apartments: 110506
gar_fias.as_rooms: 87
gar_fias.as_carplaces: 0
gar_fias.as_adm_hierarchy: 384150
gar_fias.as_mun_hierarchy: 331172
gar_fias.as_change_history: 1055573
gar_fias.as_addr_obj_division: 12
gar_fias.as_addr_obj_params: 58364
gar_fias.as_steads_params: 101999
gar_fias.as_houses_params: 2524384
gar_fias.as_apartments_params: 192273
gar_fias.as_rooms_params: 97
gar_fias.as_carplaces_params: 0
gar_fias.as_normative_docs: 20414
