 save_gar_version 
------------------
               81
(1 row)

CALL
CALL
CALL
 set_gar_dt_create 
-------------------
                81
(1 row)

CALL
gar_fias.as_apartment_type: 13
gar_fias.as_addr_obj_type: 421
gar_fias.as_room_type: 3
gar_fias.as_operation_type: 27
gar_fias.as_param_type: 20
gar_fias.as_house_type: 14
gar_fias.as_add_house_type: 4
gar_fias.as_object_level: 17
gar_fias.as_norm_docs_types: 25
gar_fias.as_norm_docs_kinds: 4
gar_fias.as_reestr_objects: 2342831
gar_fias.as_addr_obj: 30783
gar_fias.as_houses: 1796067
gar_fias.as_steads: 841307
gar_fias.as_apartments: 682731
gar_fias.as_rooms: 2118
gar_fias.as_carplaces: 3649
gar_fias.as_adm_hierarchy: 2501796
gar_fias.as_mun_hierarchy: 3073301
gar_fias.as_change_history: 9877597
gar_fias.as_addr_obj_division: 111
gar_fias.as_addr_obj_params: 385283
gar_fias.as_steads_params: 10782410
gar_fias.as_houses_params: 12116435
gar_fias.as_apartments_params: 1276349
gar_fias.as_rooms_params: 2401
gar_fias.as_carplaces_params: 234
gar_fias.as_normative_docs: 282322
