 save_gar_version 
------------------
               81
(1 row)

CALL
CALL
CALL
 set_gar_dt_create 
-------------------
                81
(1 row)

CALL
gar_fias.as_apartment_type: 13
gar_fias.as_addr_obj_type: 421
gar_fias.as_room_type: 3
gar_fias.as_operation_type: 27
gar_fias.as_param_type: 20
gar_fias.as_house_type: 14
gar_fias.as_add_house_type: 4
gar_fias.as_object_level: 17
gar_fias.as_norm_docs_types: 25
gar_fias.as_norm_docs_kinds: 4
gar_fias.as_reestr_objects: 891965
gar_fias.as_addr_obj: 20560
gar_fias.as_houses: 807860
gar_fias.as_steads: 67159
gar_fias.as_apartments: 394316
gar_fias.as_rooms: 2614
gar_fias.as_carplaces: 1371
gar_fias.as_adm_hierarchy: 927236
gar_fias.as_mun_hierarchy: 910414
gar_fias.as_change_history: 3554174
gar_fias.as_addr_obj_division: 76
gar_fias.as_addr_obj_params: 271556
gar_fias.as_steads_params: 916884
gar_fias.as_houses_params: 5989652
gar_fias.as_apartments_params: 730623
gar_fias.as_rooms_params: 2813
gar_fias.as_carplaces_params: 283
gar_fias.as_normative_docs: 135077
