 save_gar_version 
------------------
               82
(1 row)

CALL
CALL
CALL
 set_gar_dt_create 
-------------------
                82
(1 row)

CALL
gar_fias.as_apartment_type: 13
gar_fias.as_addr_obj_type: 421
gar_fias.as_room_type: 3
gar_fias.as_operation_type: 27
gar_fias.as_param_type: 20
gar_fias.as_house_type: 14
gar_fias.as_add_house_type: 4
gar_fias.as_object_level: 17
gar_fias.as_norm_docs_types: 25
gar_fias.as_norm_docs_kinds: 4
gar_fias.as_reestr_objects: 1648213
gar_fias.as_addr_obj: 26178
gar_fias.as_houses: 1332307
gar_fias.as_steads: 175503
gar_fias.as_apartments: 784346
gar_fias.as_rooms: 11762
gar_fias.as_carplaces: 2694
gar_fias.as_adm_hierarchy: 1725547
gar_fias.as_mun_hierarchy: 1704472
gar_fias.as_change_history: 5118642
gar_fias.as_addr_obj_division: 69
gar_fias.as_addr_obj_params: 348405
gar_fias.as_steads_params: 1864008
gar_fias.as_houses_params: 9088863
gar_fias.as_apartments_params: 1467426
gar_fias.as_rooms_params: 12793
gar_fias.as_carplaces_params: 165
gar_fias.as_normative_docs: 231514
