 save_gar_version 
------------------
               81
(1 row)

CALL
CALL
CALL
 set_gar_dt_create 
-------------------
                81
(1 row)

CALL
gar_fias.as_apartment_type: 13
gar_fias.as_addr_obj_type: 421
gar_fias.as_room_type: 3
gar_fias.as_operation_type: 27
gar_fias.as_param_type: 20
gar_fias.as_house_type: 14
gar_fias.as_add_house_type: 4
gar_fias.as_object_level: 17
gar_fias.as_norm_docs_types: 25
gar_fias.as_norm_docs_kinds: 4
gar_fias.as_reestr_objects: 1754009
gar_fias.as_addr_obj: 34015
gar_fias.as_houses: 1001898
gar_fias.as_steads: 153635
gar_fias.as_apartments: 992629
gar_fias.as_rooms: 3039
gar_fias.as_carplaces: 460
gar_fias.as_adm_hierarchy: 2185000
gar_fias.as_mun_hierarchy: 2460373
gar_fias.as_change_history: 5075616
gar_fias.as_addr_obj_division: 63
gar_fias.as_addr_obj_params: 346866
gar_fias.as_steads_params: 1520103
gar_fias.as_houses_params: 6733358
gar_fias.as_apartments_params: 1550341
gar_fias.as_rooms_params: 3728
gar_fias.as_carplaces_params: 61
gar_fias.as_normative_docs: 211500
