 save_gar_version 
------------------
               71
(1 row)

CALL
CALL
 set_gar_dt_create 
-------------------
                71
(1 row)

CALL
gar_fias.as_apartment_type: 13
gar_fias.as_addr_obj_type: 421
gar_fias.as_room_type: 3
gar_fias.as_operation_type: 27
gar_fias.as_param_type: 20
gar_fias.as_house_type: 14
gar_fias.as_add_house_type: 4
gar_fias.as_object_level: 17
gar_fias.as_norm_docs_types: 25
gar_fias.as_norm_docs_kinds: 4
gar_fias.as_reestr_objects: 187922
gar_fias.as_addr_obj: 5232
gar_fias.as_houses: 327536
gar_fias.as_steads: 50438
gar_fias.as_apartments: 38953
gar_fias.as_rooms: 141
gar_fias.as_carplaces: 26
gar_fias.as_adm_hierarchy: 201094
gar_fias.as_mun_hierarchy: 196346
gar_fias.as_change_history: 686128
gar_fias.as_addr_obj_division: 8
gar_fias.as_addr_obj_params: 65207
gar_fias.as_steads_params: 444100
gar_fias.as_houses_params: 1237265
gar_fias.as_apartments_params: 144831
gar_fias.as_rooms_params: 196
gar_fias.as_carplaces_params: 0
gar_fias.as_normative_docs: 66475
