 save_gar_version 
------------------
               82
(1 row)

CALL
CALL
CALL
 set_gar_dt_create 
-------------------
                82
(1 row)

CALL
gar_fias.as_apartment_type: 13
gar_fias.as_addr_obj_type: 421
gar_fias.as_room_type: 3
gar_fias.as_operation_type: 27
gar_fias.as_param_type: 20
gar_fias.as_house_type: 14
gar_fias.as_add_house_type: 4
gar_fias.as_object_level: 17
gar_fias.as_norm_docs_types: 25
gar_fias.as_norm_docs_kinds: 4
gar_fias.as_reestr_objects: 4552991
gar_fias.as_addr_obj: 70925
gar_fias.as_houses: 3861881
gar_fias.as_steads: 872472
gar_fias.as_apartments: 1757712
gar_fias.as_rooms: 4872
gar_fias.as_carplaces: 48208
gar_fias.as_adm_hierarchy: 4859033
gar_fias.as_mun_hierarchy: 4812345
gar_fias.as_change_history: 13521196
gar_fias.as_addr_obj_division: 1563
gar_fias.as_addr_obj_params: 754830
gar_fias.as_steads_params: 8896143
gar_fias.as_houses_params: 22762539
gar_fias.as_apartments_params: 3076622
gar_fias.as_rooms_params: 5604
gar_fias.as_carplaces_params: 2548
gar_fias.as_normative_docs: 930903
