 save_gar_version 
------------------
                9
(1 строка)

CALL
CALL
CALL
