 save_gar_version 
------------------
               81
(1 row)

CALL
CALL
CALL
 set_gar_dt_create 
-------------------
                81
(1 row)

CALL
gar_fias.as_apartment_type: 13
gar_fias.as_addr_obj_type: 421
gar_fias.as_room_type: 3
gar_fias.as_operation_type: 27
gar_fias.as_param_type: 20
gar_fias.as_house_type: 14
gar_fias.as_add_house_type: 4
gar_fias.as_object_level: 17
gar_fias.as_norm_docs_types: 25
gar_fias.as_norm_docs_kinds: 4
gar_fias.as_reestr_objects: 1189732
gar_fias.as_addr_obj: 27775
gar_fias.as_houses: 964723
gar_fias.as_steads: 68787
gar_fias.as_apartments: 544492
gar_fias.as_rooms: 8551
gar_fias.as_carplaces: 108
gar_fias.as_adm_hierarchy: 1283194
gar_fias.as_mun_hierarchy: 1220494
gar_fias.as_change_history: 3606291
gar_fias.as_addr_obj_division: 100
gar_fias.as_addr_obj_params: 328300
gar_fias.as_steads_params: 726142
gar_fias.as_houses_params: 7099793
gar_fias.as_apartments_params: 960109
gar_fias.as_rooms_params: 9537
gar_fias.as_carplaces_params: 108
gar_fias.as_normative_docs: 197717
