 save_gar_version 
------------------
               79
(1 строка)

CALL
CALL
 set_gar_dt_create 
-------------------
                79
(1 строка)

CALL
 id_area | id_country | nm_area | nm_area_full | id_area_type | id_area_parent | kd_timezone | pr_detailed | kd_oktmo |             nm_fias_guid             | dt_data_del | id_data_etalon |  kd_okato   | nm_zipcode |  kd_kladr   | vl_addr_latitude | vl_addr_longitude 
---------+------------+---------+--------------+--------------+----------------+-------------+-------------+----------+--------------------------------------+-------------+----------------+-------------+------------+-------------+------------------+-------------------
       2 |        185 | Адыгея  | Адыгея Респ  |           41 |                |           2 |           0 | 79000000 | d8327a56-80de-4df2-815c-4f6ab1224c50 |             |                | 79000000000 | 385000     | 01000000000 |                  |                  
(1 строка)

CALL
CALL
CALL
 f_addr_area_set_data 
----------------------
                    8
(1 строка)

            fias_guid_new             |            fias_guid_old             | nm_addr_obj | addr_obj_type_id | chld_qty_tot | obj_level 
--------------------------------------+--------------------------------------+-------------+------------------+--------------+-----------
 9fd308f2-0ae8-4e9f-89cd-8dc833cdf415 | 5c8405c9-b73a-44e1-b82c-acf8211873be | ВЕСЕЛЫЙ     |              112 |           10 |         6
 96fe8f29-c1e6-43d7-a1d7-f327bef75c63 | 01c0f03e-bd21-4ce8-86a2-9ae3259143fe | ГРОЗНЫЙ     |              112 |            2 |         6
 29fe3efe-8f3a-4a61-bf98-481e3acca90e | 145949fd-0aa4-4bad-8c83-3b6701972716 | КОЧКИН      |              112 |            2 |         6
 cf29e918-e413-4f6c-8391-148176db582d | 294468ce-fb2c-4422-9765-0b8b0d6026f6 | ПОБЕДА      |               90 |            3 |         6
(4 строки)

 id_addr_obj | id_addr_parent |              fias_guid               |           parent_fias_guid           |       nm_addr_obj        | addr_obj_type_id | addr_obj_type | obj_level |          level_name          | region_code | area_code | city_code | place_code | plan_code | street_code | change_id | prev_id | oper_type_id | oper_type_name | start_date |  end_date  | id_lead |       tree_d        | level_d 
-------------+----------------+--------------------------------------+--------------------------------------+--------------------------+------------------+---------------+-----------+------------------------------+-------------+-----------+-----------+------------+-----------+-------------+-----------+---------+--------------+----------------+------------+------------+---------+---------------------+---------
        2639 |           2416 | 31295a7b-1277-4b82-a40c-6be7d0cbd850 | 9fd308f2-0ae8-4e9f-89cd-8dc833cdf415 | А/Д Подъезд к х. Веселый |              127 | дор           |         8 | Элемент улично-дорожной сети | 1           | 4         | 0         | 4          | 0         | 10          |      7517 |       0 |            1 | Инициация      | 1900-01-01 | 2079-06-06 |    3662 | {11,2157,2416,2639} |       4
        3662 |           2416 | 096cf142-7d31-428e-8b43-095bfa1c1670 | 9fd308f2-0ae8-4e9f-89cd-8dc833cdf415 | А/Д Подъезд к х. Веселый |              127 | дор           |         8 | Элемент улично-дорожной сети | 1           | 4         | 0         | 5          | 0         | 12          |     11198 |       0 |            1 | Инициация      | 1900-01-01 | 2079-06-06 |    3662 | {11,2157,2416,3662} |       4
(2 строки)

 id_area | id_country | nm_area | nm_area_full | id_area_type | id_area_parent | kd_timezone | pr_detailed | kd_oktmo |             nm_fias_guid             | dt_data_del | id_data_etalon |  kd_okato   | nm_zipcode |  kd_kladr   | vl_addr_latitude | vl_addr_longitude 
---------+------------+---------+--------------+--------------+----------------+-------------+-------------+----------+--------------------------------------+-------------+----------------+-------------+------------+-------------+------------------+-------------------
       2 |        185 | Адыгея  | Адыгея Респ  |           41 |                |           2 |           0 | 79000000 | d8327a56-80de-4df2-815c-4f6ab1224c50 |             |                | 79000000000 | 385000     | 01000000000 |                  |                  
(1 строка)

 f_xxx_obj_seq_crt 
-------------------
         200008952
       10200008952
(2 строки)

 f_set_params_value 
--------------------
             309150
(1 строка)

 f_xxx_adr_area_set_data 
-------------------------
                    6160
(1 строка)

 f_xxx_adr_house_set_data 
--------------------------
                   150783
(1 строка)

 f_xxx_obj_fias_set_data 
-------------------------
                     434
                    5726
                  150783
(3 строки)

