BEGIN
SET
Секундомер включён.
SET
Время: 0,216 мс
SET
Время: 0,165 мс
SET
Время: 0,150 мс
 total_row | ins_row | upd_row 
-----------+---------+---------
        13 |       7 |       6
(1 строка)

Время: 1474,128 мс (00:01,474)
 id_area | id_country |             nm_area             |                           nm_area_full                           | id_area_type | id_area_parent | kd_timezone | pr_detailed |  kd_oktmo   |             nm_fias_guid             |        dt_data_del         | id_data_etalon |  kd_okato   | nm_zipcode |    kd_kladr     | vl_addr_latitude | vl_addr_longitude | id_area_hist |        date_create         | f_server_name | id_region 
---------+------------+---------------------------------+------------------------------------------------------------------+--------------+----------------+-------------+-------------+-------------+--------------------------------------+----------------------------+----------------+-------------+------------+-----------------+------------------+-------------------+--------------+----------------------------+---------------+-----------
  203358 |        185 | Северное Серково                | Московская обл., Щёлково г., Северное Серково тер                |           54 |          63081 |           2 |           0 | 46788000    | f1f87cf0-c740-408a-bcee-f6764100be18 | 2023-10-25 13:03:37.427601 |         203358 | 46488000000 | 141100     | 500400000000025 |                  |                   |       214046 | 2023-10-25 13:03:37.427601 |               |         0
  234651 |        185 | 33-й км автодороги М8 Холмогоры | Московская обл., Пушкино г., 33-й км автодороги М8 Холмогоры тер |           54 |         126563 |           2 |           0 | 46758000001 | a9b12f5e-b2c4-48b6-9cf3-31923f4750a1 | 2023-10-25 13:03:37.427601 |         234651 | 46458000000 |            |                 |                  |                   |       214045 | 2023-10-25 13:03:37.427601 |               |         0
  199345 |        185 | СНТ 40 лет Октября              | Московская обл., Одинцово г., СНТ 40 лет Октября тер             |           54 |         126592 |           2 |           0 | 46755000    | d11aa5c8-dadf-4d07-becb-4a3dc88098bc | 2023-10-25 13:03:37.427601 |         199345 | 46455000000 | 143002     | 500220010000182 |                  |                   |       214044 | 2023-10-25 13:03:37.427601 |               |         0
  199284 |        185 | СНТ Жаворонки                   | Московская обл., Одинцово г., СНТ Жаворонки тер                  |           54 |         126592 |           2 |           0 | 46755000    | c5469ff1-4fde-4720-adbc-bfea0cd03ce4 | 2023-10-25 13:03:37.427601 |         199284 | 46455000000 | 143020     | 500220000580088 |                  |                   |       214043 | 2023-10-25 13:03:37.427601 |               |         0
  197981 |        185 | ДНП Лесное                      | Московская обл., Наро-Фоминск г., ДНП Лесное тер                 |           54 |         121642 |           2 |           0 | 46750000    | 7d13c36e-6c39-45ae-82f7-16d3d2219bfa | 2023-10-25 13:03:37.427601 |         197981 | 46450000000 |            | 500200000000008 |                  |                   |       214042 | 2023-10-25 13:03:37.427601 |               |         0
  234240 |        185 | СПК Строитель                   | Московская обл., Наро-Фоминск г., СПК Строитель тер              |           54 |         121642 |           2 |           0 | 46750000001 | 0ee9d3c7-59e6-441c-b54b-8973cd5247ff | 2023-10-25 13:03:37.427601 |         234240 | 46450000000 |            |                 |                  |                   |       214041 | 2023-10-25 13:03:37.427601 |               |         0
(6 строк)

Время: 10,381 мс
  id_area   | op_sign |  id_area   | id_country |             nm_area             |                            nm_area_full                            | id_area_type | id_area_parent | kd_timezone | pr_detailed |  kd_oktmo   |             nm_fias_guid             | dt_data_del | id_data_etalon |  kd_okato   | nm_zipcode |    kd_kladr     | vl_addr_latitude | vl_addr_longitude 
------------+---------+------------+------------+---------------------------------+--------------------------------------------------------------------+--------------+----------------+-------------+-------------+-------------+--------------------------------------+-------------+----------------+-------------+------------+-----------------+------------------+-------------------
 5000437251 | I       | 5000437251 |        185 | СНТ Аина-2                      | Московская обл., Подольск г., Валищево д., СНТ Аина-2 тер          |           54 |         133647 |           2 |           0 | 46760000176 | addcbb07-5143-4fdb-84f8-f091ada36bda |             |                | 46460000086 |            |                 |                  |                  
 5000437252 | I       | 5000437252 |        185 | Приозерная                      | Московская обл., Лосино-Петровский г., Митянино д., Приозерная тер |           54 |          63042 |           2 |           0 | 46742000146 | c0fdf51a-26da-41eb-bfec-86aecbcf504c |             |                | 46442000046 |            |                 |                  |                  
 5000437253 | I       | 5000437253 |        185 | Лузгарино-Северное              | Московская обл., Шатура г., Лузгарино д., Лузгарино-Северное тер   |           54 |          67154 |           2 |           0 | 46786000433 | 50e98108-86a6-46c2-9494-2ca26943cd95 |             |                | 46486000333 |            |                 |                  |                  
     234240 | U       |     234240 |        185 | СПК Строитель                   | Московская обл., Наро-Фоминск г., СПК Строитель тер                |           54 |         121642 |           2 |           0 | 46638101    | 0ad17413-d183-426a-a3a2-b277ce01d5a0 |             |                | 46450000000 |            |                 |                  |                  
     197981 | U       |     197981 |        185 | ДНП Лесное                      | Московская обл., Наро-Фоминск г., ДНП Лесное тер                   |           54 |         121642 |           2 |           0 | 46638440    | 959a9402-a703-47f1-9dbe-a1816c69dd2c |             |                | 46238840000 |            | 500200000000008 |                  |                  
 5000437256 | I       | 5000437256 |        185 | Люпиновая поляна                | Московская обл., Клин г., Василево д., Люпиновая поляна тер        |           54 |          67021 |           2 |           0 | 46737000203 | 380028b8-6329-45a0-bea8-3b7f553af457 |             |                | 46437000103 |            |                 |                  |                  
     199284 | U       |     199284 |        185 | СНТ Жаворонки                   | Московская обл., Одинцово г., СНТ Жаворонки тер                    |           54 |         126592 |           2 |           0 | 46755000361 | d017b619-6c27-477c-bfba-adbdd544bbb1 |             |                | 46455000261 | 143020     | 500220000580088 |                  |                  
     199345 | U       |     199345 |        185 | СНТ 40 лет Октября              | Московская обл., Одинцово г., СНТ 40 лет Октября тер               |           54 |         126592 |           2 |           0 | 46755000001 | 7efe5442-cc94-4764-8523-29d09b2bcbfa |             |                | 46455000000 | 143002     | 500220010000182 |                  |                  
 5000437259 | I       | 5000437259 |        185 | Ивашково                        | Московская обл., Одинцово г., Ивашково тер                         |           54 |         126592 |           2 |           0 | 46755000    | d411ece0-d216-45a1-974b-126688bb23d5 |             |                | 46455000000 |            |                 |                  |                  
 5000437260 | I       | 5000437260 |        185 | Лесное озеро                    | Московская обл., Одинцово г., Лесное озеро тер                     |           54 |         126592 |           2 |           0 | 46755000    | 7933abb9-aa4f-4786-9f00-2f766ddf98ff |             |                | 46455000000 |            |                 |                  |                  
 5000437261 | I       | 5000437261 |        185 | 40557                           | Московская обл., Раменское г., 40557 кв-л                          |           23 |          77939 |           2 |           0 | 46768000    | ea9bea55-e52c-46bf-b905-7927794dc4c5 |             |                | 46468000000 |            |                 |                  |                  
     234651 | U       |     234651 |        185 | 33-й км автодороги М8 Холмогоры | Московская обл., Пушкино г., 33-й км автодороги М8 Холмогоры тер   |           54 |         126563 |           2 |           0 | 46758000    | fcb3e90e-4ec3-4e83-97ff-9edf216e9e8e |             |                | 46458000000 |            |                 |                  |                  
     203358 | U       |     203358 |        185 | Северное Серково                | Московская обл., Щёлково г., Северное Серково тер                  |           54 |          63081 |           2 |           0 | 46788000    | 16c16375-942e-4933-b7e9-165569f11fda |             |                | 46488000000 | 141100     | 500400000000025 |                  |                  
(13 строк)

Время: 17,001 мс
 id_area | nm_area | nm_area_full | id_area_type | nm_area_type | id_area_parent | nm_fias_guid_parent | kd_oktmo | nm_fias_guid | kd_okato | nm_zipcode | kd_kladr | tree_d | level_d | obj_level | level_name | oper_type_id | oper_type_name | curr_date | check_kind 
---------+---------+--------------+--------------+--------------+----------------+---------------------+----------+--------------+----------+------------+----------+--------+---------+-----------+------------+--------------+----------------+-----------+------------
(0 строк)

Время: 26,323 мс
COMMIT
Время: 32,951 мс
