 save_gar_version 
------------------
               70
(1 row)

CALL
CALL
 set_gar_dt_create 
-------------------
                70
(1 row)

CALL
gar_fias.as_apartment_type: 13
gar_fias.as_addr_obj_type: 421
gar_fias.as_room_type: 3
gar_fias.as_operation_type: 27
gar_fias.as_param_type: 20
gar_fias.as_house_type: 14
gar_fias.as_add_house_type: 4
gar_fias.as_object_level: 17
gar_fias.as_norm_docs_types: 25
gar_fias.as_norm_docs_kinds: 4
gar_fias.as_reestr_objects: 135115
gar_fias.as_addr_obj: 5010
gar_fias.as_houses: 146512
gar_fias.as_steads: 976
gar_fias.as_apartments: 54750
gar_fias.as_rooms: 60
gar_fias.as_carplaces: 0
gar_fias.as_adm_hierarchy: 135880
gar_fias.as_mun_hierarchy: 135784
gar_fias.as_change_history: 473776
gar_fias.as_addr_obj_division: 8
gar_fias.as_addr_obj_params: 57808
gar_fias.as_steads_params: 9799
gar_fias.as_houses_params: 975753
gar_fias.as_apartments_params: 133535
gar_fias.as_rooms_params: 64
gar_fias.as_carplaces_params: 0
gar_fias.as_normative_docs: 41205
