 save_gar_version 
------------------
               82
(1 row)

CALL
CALL
CALL
 set_gar_dt_create 
-------------------
                82
(1 row)

CALL
gar_fias.as_apartment_type: 13
gar_fias.as_addr_obj_type: 421
gar_fias.as_room_type: 3
gar_fias.as_operation_type: 27
gar_fias.as_param_type: 20
gar_fias.as_house_type: 14
gar_fias.as_add_house_type: 4
gar_fias.as_object_level: 17
gar_fias.as_norm_docs_types: 25
gar_fias.as_norm_docs_kinds: 4
gar_fias.as_reestr_objects: 1156167
gar_fias.as_addr_obj: 22888
gar_fias.as_houses: 843852
gar_fias.as_steads: 128001
gar_fias.as_apartments: 568193
gar_fias.as_rooms: 3594
gar_fias.as_carplaces: 830
gar_fias.as_adm_hierarchy: 1233645
gar_fias.as_mun_hierarchy: 1198161
gar_fias.as_change_history: 4298651
gar_fias.as_addr_obj_division: 9
gar_fias.as_addr_obj_params: 325975
gar_fias.as_steads_params: 1772213
gar_fias.as_houses_params: 7197240
gar_fias.as_apartments_params: 1097406
gar_fias.as_rooms_params: 5701
gar_fias.as_carplaces_params: 157
gar_fias.as_normative_docs: 167370
