 save_gar_version 
------------------
               82
(1 row)

CALL
CALL
CALL
 set_gar_dt_create 
-------------------
                82
(1 row)

CALL
gar_fias.as_apartment_type: 13
gar_fias.as_addr_obj_type: 421
gar_fias.as_room_type: 3
gar_fias.as_operation_type: 27
gar_fias.as_param_type: 20
gar_fias.as_house_type: 14
gar_fias.as_add_house_type: 4
gar_fias.as_object_level: 17
gar_fias.as_norm_docs_types: 25
gar_fias.as_norm_docs_kinds: 4
gar_fias.as_reestr_objects: 687465
gar_fias.as_addr_obj: 20689
gar_fias.as_houses: 509484
gar_fias.as_steads: 60954
gar_fias.as_apartments: 353572
gar_fias.as_rooms: 647
gar_fias.as_carplaces: 0
gar_fias.as_adm_hierarchy: 712925
gar_fias.as_mun_hierarchy: 710180
gar_fias.as_change_history: 2392610
gar_fias.as_addr_obj_division: 12
gar_fias.as_addr_obj_params: 312598
gar_fias.as_steads_params: 863356
gar_fias.as_houses_params: 4105706
gar_fias.as_apartments_params: 588977
gar_fias.as_rooms_params: 697
gar_fias.as_carplaces_params: 0
gar_fias.as_normative_docs: 119399
