 save_gar_version 
------------------
               82
(1 row)

CALL
CALL
CALL
 set_gar_dt_create 
-------------------
                82
(1 row)

CALL
gar_fias.as_apartment_type: 13
gar_fias.as_addr_obj_type: 421
gar_fias.as_room_type: 3
gar_fias.as_operation_type: 27
gar_fias.as_param_type: 20
gar_fias.as_house_type: 14
gar_fias.as_add_house_type: 4
gar_fias.as_object_level: 17
gar_fias.as_norm_docs_types: 25
gar_fias.as_norm_docs_kinds: 4
gar_fias.as_reestr_objects: 2173226
gar_fias.as_addr_obj: 66420
gar_fias.as_houses: 2153448
gar_fias.as_steads: 316655
gar_fias.as_apartments: 902896
gar_fias.as_rooms: 1109
gar_fias.as_carplaces: 8970
gar_fias.as_adm_hierarchy: 2630551
gar_fias.as_mun_hierarchy: 2467024
gar_fias.as_change_history: 6627276
gar_fias.as_addr_obj_division: 310
gar_fias.as_addr_obj_params: 713189
gar_fias.as_steads_params: 3514091
gar_fias.as_houses_params: 10296454
gar_fias.as_apartments_params: 1369306
gar_fias.as_rooms_params: 1042
gar_fias.as_carplaces_params: 228
gar_fias.as_normative_docs: 397373
