 save_gar_version 
------------------
               71
(1 row)

CALL
CALL
 set_gar_dt_create 
-------------------
                71
(1 row)

CALL
gar_fias.as_apartment_type: 13
gar_fias.as_addr_obj_type: 421
gar_fias.as_room_type: 3
gar_fias.as_operation_type: 27
gar_fias.as_param_type: 20
gar_fias.as_house_type: 14
gar_fias.as_add_house_type: 4
gar_fias.as_object_level: 17
gar_fias.as_norm_docs_types: 25
gar_fias.as_norm_docs_kinds: 4
gar_fias.as_reestr_objects: 4003821
gar_fias.as_addr_obj: 60042
gar_fias.as_houses: 2848034
gar_fias.as_steads: 1371492
gar_fias.as_apartments: 1412656
gar_fias.as_rooms: 34742
gar_fias.as_carplaces: 10297
gar_fias.as_adm_hierarchy: 4159722
gar_fias.as_mun_hierarchy: 4090431
gar_fias.as_change_history: 10817827
gar_fias.as_addr_obj_division: 223
gar_fias.as_addr_obj_params: 695722
gar_fias.as_steads_params: 15559559
gar_fias.as_houses_params: 15391200
gar_fias.as_apartments_params: 4653356
gar_fias.as_rooms_params: 68976
gar_fias.as_carplaces_params: 7773
gar_fias.as_normative_docs: 715334
