BEGIN
SET
SET
SET
SET
Секундомер включён.
 total_row | upd_row 
-----------+---------
      9769 |       4
(1 строка)

Время: 28086,147 мс (00:28,086)
 id_area | id_country | nm_area  |                         nm_area_full                         | id_area_type | id_area_parent | kd_timezone | pr_detailed |  kd_oktmo   |             nm_fias_guid             |        dt_data_del         | id_data_etalon |  kd_okato   | nm_zipcode |  kd_kladr   | vl_addr_latitude | vl_addr_longitude | id_area_hist |        date_create         | f_server_name | id_region 
---------+------------+----------+--------------------------------------------------------------+--------------+----------------+-------------+-------------+-------------+--------------------------------------+----------------------------+----------------+-------------+------------+-------------+------------------+-------------------+--------------+----------------------------+---------------+-----------
  207064 |        185 | Кладбище | Башкортостан Респ, Кушнаренковский р-н, Кладбище тер         |           54 |            152 |           4 |           0 | 80640440    | 92fa5948-d8a4-41f3-971b-25b2486feb7b | 2023-10-05 13:33:49.569015 |         207064 | 80240840000 |            |             |                  |                   |        66396 | 2023-10-05 13:33:49.569015 |               |         0
  192363 |        185 | Лесной   | Башкортостан Респ, Белебеевский р-н, Белебей г., Лесной мкр. |           30 |           5314 |           4 |           0 | 80609101001 | 9455353f-a2c6-43c3-8680-e356badf38e0 | 2023-10-05 13:33:49.569015 |         192363 | 80405000000 | 452000     | 02009001012 |                  |                   |        66395 | 2023-10-05 13:33:49.569015 |               |         0
   13928 |        185 | 37-й     | Башкортостан Респ, Октябрьский г., 37-й мкр.                 |           30 |            156 |           4 |           0 | 80735000001 | c774b5d0-bd2d-4159-87c3-c08edd1bcedc | 2023-10-05 13:33:49.569015 |          13928 | 80435000000 |            | 02000004002 |                  |                   |        66394 | 2023-10-05 13:33:49.569015 |               |         0
   13927 |        185 | 40-й     | Башкортостан Респ, Октябрьский г., 40-й мкр.                 |           30 |            156 |           4 |           0 | 80735000001 | be9999d0-ebff-4e2d-9af3-c586b71138eb | 2023-10-05 13:33:49.569015 |          13927 | 80435000000 |            | 02000004001 |                  |                   |        66393 | 2023-10-05 13:33:49.569015 |               |         0
(4 строки)

Время: 1,099 мс
  id_area  | op_sign 
-----------+---------
     13927 | U
     13928 | U
 400149146 | I
 400149147 | I
 400149148 | I
 400149149 | I
 400149150 | I
 400149151 | I
 400149152 | I
 400149153 | I
 400149154 | I
 400149155 | I
 400149156 | I
 400149157 | I
    192363 | U
 400149159 | I
 400149160 | I
 400149161 | I
 400149162 | I
 400149163 | I
    207064 | U
(21 строка)

Время: 0,361 мс
COMMIT
Время: 0,196 мс
