BEGIN
SET
SET
SET
SET
Секундомер включён.
 total_row | upd_row 
-----------+---------
     37332 |       0
(1 строка)

Время: 59962,217 мс (00:59,962)
 id_street | id_area | nm_street | id_street_type | nm_street_full | nm_fias_guid | dt_data_del | id_data_etalon | kd_kladr | vl_addr_latitude | vl_addr_longitude | id_street_hist | date_create | f_server_name | id_region 
-----------+---------+-----------+----------------+----------------+--------------+-------------+----------------+----------+------------------+-------------------+----------------+-------------+---------------+-----------
(0 строк)

Время: 1,311 мс
 id_street | op_sign 
-----------+---------
(0 строк)

Время: 0,234 мс
COMMIT
Время: 0,246 мс
