BEGIN
SET
SET
SET
SET
Секундомер включён.
 total_row | ins_row | upd_row 
-----------+---------+---------
         1 |       0 |       1
(1 строка)

Время: 3131,384 мс (00:03,131)
 id_house  |  id_area  | id_street | id_house_type_1 | nm_house_1 | id_house_type_2 | nm_house_2 | id_house_type_3 | nm_house_3 | nm_zipcode | nm_house_full |  kd_oktmo   |             nm_fias_guid             |        dt_data_del         | id_data_etalon |  kd_okato   | vl_addr_latitude | vl_addr_longitude | id_house_hist |        date_create         | f_server_name | id_region 
-----------+-----------+-----------+-----------------+------------+-----------------+------------+-----------------+------------+------------+---------------+-------------+--------------------------------------+----------------------------+----------------+-------------+------------------+-------------------+---------------+----------------------------+---------------+-----------
 400149650 | 400001861 |           |               9 | 286        |                 |            |                 |            | 452778     | зд. 286       | 80651101001 | 81e02291-28d5-4284-87dc-511e2fcd733a | 2023-10-05 15:18:51.040428 |      400149650 | 80450000000 |                  |                   |         51249 | 2023-10-05 15:18:51.040428 |               |         0
(1 строка)

Время: 1,490 мс
 id_house  | op_sign 
-----------+---------
 400149650 | U
(1 строка)

Время: 0,461 мс
COMMIT
Время: 14,291 мс
