 save_gar_version 
------------------
               81
(1 row)

CALL
CALL
CALL
 set_gar_dt_create 
-------------------
                81
(1 row)

CALL
gar_fias.as_apartment_type: 13
gar_fias.as_addr_obj_type: 421
gar_fias.as_room_type: 3
gar_fias.as_operation_type: 27
gar_fias.as_param_type: 20
gar_fias.as_house_type: 14
gar_fias.as_add_house_type: 4
gar_fias.as_object_level: 17
gar_fias.as_norm_docs_types: 25
gar_fias.as_norm_docs_kinds: 4
gar_fias.as_reestr_objects: 1701345
gar_fias.as_addr_obj: 43070
gar_fias.as_houses: 1246053
gar_fias.as_steads: 215860
gar_fias.as_apartments: 945071
gar_fias.as_rooms: 16596
gar_fias.as_carplaces: 2628
gar_fias.as_adm_hierarchy: 2257759
gar_fias.as_mun_hierarchy: 2165106
gar_fias.as_change_history: 5095264
gar_fias.as_addr_obj_division: 477
gar_fias.as_addr_obj_params: 508675
gar_fias.as_steads_params: 2279505
gar_fias.as_houses_params: 6738338
gar_fias.as_apartments_params: 1566984
gar_fias.as_rooms_params: 21448
gar_fias.as_carplaces_params: 525
gar_fias.as_normative_docs: 342582
