 save_gar_version 
------------------
               82
(1 row)

CALL
CALL
CALL
 set_gar_dt_create 
-------------------
                82
(1 row)

CALL
gar_fias.as_apartment_type: 13
gar_fias.as_addr_obj_type: 421
gar_fias.as_room_type: 3
gar_fias.as_operation_type: 27
gar_fias.as_param_type: 20
gar_fias.as_house_type: 14
gar_fias.as_add_house_type: 4
gar_fias.as_object_level: 17
gar_fias.as_norm_docs_types: 25
gar_fias.as_norm_docs_kinds: 4
gar_fias.as_reestr_objects: 935272
gar_fias.as_addr_obj: 22431
gar_fias.as_houses: 1543639
gar_fias.as_steads: 132016
gar_fias.as_apartments: 371173
gar_fias.as_rooms: 1517
gar_fias.as_carplaces: 158
gar_fias.as_adm_hierarchy: 1002652
gar_fias.as_mun_hierarchy: 1058092
gar_fias.as_change_history: 4120493
gar_fias.as_addr_obj_division: 36
gar_fias.as_addr_obj_params: 375568
gar_fias.as_steads_params: 1760153
gar_fias.as_houses_params: 7053415
gar_fias.as_apartments_params: 683905
gar_fias.as_rooms_params: 1511
gar_fias.as_carplaces_params: 2
gar_fias.as_normative_docs: 139781
