 save_gar_version 
------------------
               81
(1 row)

CALL
CALL
CALL
 set_gar_dt_create 
-------------------
                81
(1 row)

CALL
gar_fias.as_apartment_type: 13
gar_fias.as_addr_obj_type: 421
gar_fias.as_room_type: 3
gar_fias.as_operation_type: 27
gar_fias.as_param_type: 20
gar_fias.as_house_type: 14
gar_fias.as_add_house_type: 4
gar_fias.as_object_level: 17
gar_fias.as_norm_docs_types: 25
gar_fias.as_norm_docs_kinds: 4
gar_fias.as_reestr_objects: 2586310
gar_fias.as_addr_obj: 48244
gar_fias.as_houses: 1246818
gar_fias.as_steads: 604233
gar_fias.as_apartments: 1254462
gar_fias.as_rooms: 5677
gar_fias.as_carplaces: 9996
gar_fias.as_adm_hierarchy: 2784577
gar_fias.as_mun_hierarchy: 2756890
gar_fias.as_change_history: 7304036
gar_fias.as_addr_obj_division: 74
gar_fias.as_addr_obj_params: 508979
gar_fias.as_steads_params: 6610254
gar_fias.as_houses_params: 9045683
gar_fias.as_apartments_params: 2796673
gar_fias.as_rooms_params: 9755
gar_fias.as_carplaces_params: 868
gar_fias.as_normative_docs: 305237
