 save_gar_version 
------------------
               85
(1 row)

CALL
CALL
CALL
 set_gar_dt_create 
-------------------
                85
(1 row)

CALL
gar_fias.as_apartment_type: 13
gar_fias.as_addr_obj_type: 421
gar_fias.as_room_type: 3
gar_fias.as_operation_type: 27
gar_fias.as_param_type: 20
gar_fias.as_house_type: 14
gar_fias.as_add_house_type: 4
gar_fias.as_object_level: 17
gar_fias.as_norm_docs_types: 25
gar_fias.as_norm_docs_kinds: 4
gar_fias.as_reestr_objects: 202350
gar_fias.as_addr_obj: 5640
gar_fias.as_houses: 291692
gar_fias.as_steads: 31380
gar_fias.as_apartments: 49617
gar_fias.as_rooms: 88
gar_fias.as_carplaces: 53
gar_fias.as_adm_hierarchy: 218853
gar_fias.as_mun_hierarchy: 209687
gar_fias.as_change_history: 815973
gar_fias.as_addr_obj_division: 83
gar_fias.as_addr_obj_params: 74762
gar_fias.as_steads_params: 362087
gar_fias.as_houses_params: 1795298
gar_fias.as_apartments_params: 93588
gar_fias.as_rooms_params: 118
gar_fias.as_carplaces_params: 0
gar_fias.as_normative_docs: 41374
